Archive member included to satisfy reference by file (symbol)

c:/ti/msp430-gcc/bin/../lib/gcc/msp430-elf/9.3.1/../../../../msp430-elf/lib/large\libc.a(lib_a-memcpy.o)
                              ./alpaca.o (memcpy)
c:/ti/msp430-gcc/bin/../lib/gcc/msp430-elf/9.3.1/../../../../msp430-elf/lib/large\libcrt.a(crt_bss.o)
                              ./main_alpaca.o (__crt0_init_bss)
c:/ti/msp430-gcc/bin/../lib/gcc/msp430-elf/9.3.1/../../../../msp430-elf/lib/large\libcrt.a(crt_movedata.o)
                              ./main_alpaca.o (__crt0_movedata)
c:/ti/msp430-gcc/bin/../lib/gcc/msp430-elf/9.3.1/../../../../msp430-elf/lib/large\libcrt.a(crt_main.o)
                              c:/ti/msp430-gcc/bin/../lib/gcc/msp430-elf/9.3.1/../../../../msp430-elf/lib/large/crt0.o (__crt0_call_main)
c:/ti/msp430-gcc/bin/../lib/gcc/msp430-elf/9.3.1/../../../../msp430-elf/lib/large\libcrt.a(crt_callexit.o)
                              ./alpaca.o (__crt0_call_exit)
c:/ti/msp430-gcc/bin/../lib/gcc/msp430-elf/9.3.1/../../../../msp430-elf/lib/large\libnosys.a(exit.o)
                              c:/ti/msp430-gcc/bin/../lib/gcc/msp430-elf/9.3.1/../../../../msp430-elf/lib/large\libcrt.a(crt_callexit.o) (_exit)
c:/ti/msp430-gcc/bin/../lib/gcc/msp430-elf/9.3.1/../../../../msp430-elf/lib/large\libc.a(lib_a-memmove.o)
                              c:/ti/msp430-gcc/bin/../lib/gcc/msp430-elf/9.3.1/../../../../msp430-elf/lib/large\libcrt.a(crt_movedata.o) (memmove)
c:/ti/msp430-gcc/bin/../lib/gcc/msp430-elf/9.3.1/../../../../msp430-elf/lib/large\libc.a(lib_a-memset.o)
                              c:/ti/msp430-gcc/bin/../lib/gcc/msp430-elf/9.3.1/../../../../msp430-elf/lib/large\libcrt.a(crt_bss.o) (memset)

Discarded input sections

 .text          0x00000000        0x0 c:/ti/msp430-gcc/bin/../lib/gcc/msp430-elf/9.3.1/../../../../msp430-elf/lib/large/crt0.o
 .data          0x00000000        0x0 c:/ti/msp430-gcc/bin/../lib/gcc/msp430-elf/9.3.1/../../../../msp430-elf/lib/large/crt0.o
 .bss           0x00000000        0x0 c:/ti/msp430-gcc/bin/../lib/gcc/msp430-elf/9.3.1/../../../../msp430-elf/lib/large/crt0.o
 .text          0x00000000        0x0 c:/ti/msp430-gcc/bin/../lib/gcc/msp430-elf/9.3.1/large/crtbegin_no_eh.o
 .data          0x00000000        0x0 c:/ti/msp430-gcc/bin/../lib/gcc/msp430-elf/9.3.1/large/crtbegin_no_eh.o
 .bss           0x00000000        0x0 c:/ti/msp430-gcc/bin/../lib/gcc/msp430-elf/9.3.1/large/crtbegin_no_eh.o
 .comment       0x00000000       0x3a c:/ti/msp430-gcc/bin/../lib/gcc/msp430-elf/9.3.1/large/crtbegin_no_eh.o
 .text          0x00000000      0x156 ./accel.o
 .data          0x00000000        0x0 ./accel.o
 .bss           0x00000000        0x0 ./accel.o
 .rodata        0x00000000       0x22 ./accel.o
 .debug_frame   0x00000000       0xd0 ./accel.o
 .debug_info    0x00000000     0x5be3 ./accel.o
 .debug_abbrev  0x00000000      0x151 ./accel.o
 .debug_loc     0x00000000       0x5a ./accel.o
 .debug_aranges
                0x00000000       0x20 ./accel.o
 .debug_line    0x00000000      0x415 ./accel.o
 .debug_str     0x00000000     0x3bd4 ./accel.o
 .comment       0x00000000       0x3a ./accel.o
 .data          0x00000000        0x0 ./alpaca.o
 .bss           0x00000000        0x0 ./alpaca.o
 .data          0x00000000     0x7e34 ./main_alpaca.o
 .bss           0x00000000        0x2 ./main_alpaca.o
 .data          0x00000000        0x0 ./watchdog.o
 .bss           0x00000000        0x0 ./watchdog.o
 .data          0x00000000        0x0 ./libPF/PF_sim.o
 .bss           0x00000000        0x0 ./libPF/PF_sim.o
 .text          0x00000000        0x0 c:/ti/msp430-gcc/bin/../lib/gcc/msp430-elf/9.3.1/../../../../msp430-elf/lib/large\libc.a(lib_a-memcpy.o)
 .data          0x00000000        0x0 c:/ti/msp430-gcc/bin/../lib/gcc/msp430-elf/9.3.1/../../../../msp430-elf/lib/large\libc.a(lib_a-memcpy.o)
 .bss           0x00000000        0x0 c:/ti/msp430-gcc/bin/../lib/gcc/msp430-elf/9.3.1/../../../../msp430-elf/lib/large\libc.a(lib_a-memcpy.o)
 .text          0x00000000        0x0 c:/ti/msp430-gcc/bin/../lib/gcc/msp430-elf/9.3.1/../../../../msp430-elf/lib/large\libcrt.a(crt_bss.o)
 .data          0x00000000        0x0 c:/ti/msp430-gcc/bin/../lib/gcc/msp430-elf/9.3.1/../../../../msp430-elf/lib/large\libcrt.a(crt_bss.o)
 .bss           0x00000000        0x0 c:/ti/msp430-gcc/bin/../lib/gcc/msp430-elf/9.3.1/../../../../msp430-elf/lib/large\libcrt.a(crt_bss.o)
 .text          0x00000000        0x0 c:/ti/msp430-gcc/bin/../lib/gcc/msp430-elf/9.3.1/../../../../msp430-elf/lib/large\libcrt.a(crt_movedata.o)
 .data          0x00000000        0x0 c:/ti/msp430-gcc/bin/../lib/gcc/msp430-elf/9.3.1/../../../../msp430-elf/lib/large\libcrt.a(crt_movedata.o)
 .bss           0x00000000        0x0 c:/ti/msp430-gcc/bin/../lib/gcc/msp430-elf/9.3.1/../../../../msp430-elf/lib/large\libcrt.a(crt_movedata.o)
[...]
Memory Configuration

Name             Origin             Length             Attributes
TINYRAM          0x0000000a         0x00000016
BSL              0x00001000         0x00000800
RAM              0x00001c00         0x00001000
LEARAM           0x00002c00         0x00000ec8
LEASTACK         0x00003ac8         0x00000138
INFOMEM          0x00001800         0x00000200
INFOD            0x00001800         0x00000080
INFOC            0x00001880         0x00000080
INFOB            0x00001900         0x00000080
INFOA            0x00001980         0x00000080
FRAM             0x00004000         0x0000bf80         xr
HIFRAM           0x00010000         0x00033ff7         xrw
JTAGSIGNATURE    0x0000ff80         0x00000004
BSLSIGNATURE     0x0000ff84         0x00000004
IPESIGNATURE     0x0000ff88         0x00000008
VECT0            0x0000ff90         0x00000002
VECT1            0x0000ff92         0x00000002
VECT2            0x0000ff94         0x00000002
VECT3            0x0000ff96         0x00000002
VECT4            0x0000ff98         0x00000002
VECT5            0x0000ff9a         0x00000002
VECT6            0x0000ff9c         0x00000002
VECT7            0x0000ff9e         0x00000002
VECT8            0x0000ffa0         0x00000002
VECT9            0x0000ffa2         0x00000002
VECT10           0x0000ffa4         0x00000002
VECT11           0x0000ffa6         0x00000002
VECT12           0x0000ffa8         0x00000002
VECT13           0x0000ffaa         0x00000002
VECT14           0x0000ffac         0x00000002
VECT15           0x0000ffae         0x00000002
VECT16           0x0000ffb0         0x00000002
VECT17           0x0000ffb2         0x00000002
VECT18           0x0000ffb4         0x00000002
VECT19           0x0000ffb6         0x00000002
VECT20           0x0000ffb8         0x00000002
VECT21           0x0000ffba         0x00000002
VECT22           0x0000ffbc         0x00000002
VECT23           0x0000ffbe         0x00000002
VECT24           0x0000ffc0         0x00000002
VECT25           0x0000ffc2         0x00000002
VECT26           0x0000ffc4         0x00000002
VECT27           0x0000ffc6         0x00000002
VECT28           0x0000ffc8         0x00000002
VECT29           0x0000ffca         0x00000002
VECT30           0x0000ffcc         0x00000002
VECT31           0x0000ffce         0x00000002
VECT32           0x0000ffd0         0x00000002
VECT33           0x0000ffd2         0x00000002
VECT34           0x0000ffd4         0x00000002
VECT35           0x0000ffd6         0x00000002
VECT36           0x0000ffd8         0x00000002
VECT37           0x0000ffda         0x00000002
VECT38           0x0000ffdc         0x00000002
VECT39           0x0000ffde         0x00000002
VECT40           0x0000ffe0         0x00000002
VECT41           0x0000ffe2         0x00000002
VECT42           0x0000ffe4         0x00000002
VECT43           0x0000ffe6         0x00000002
VECT44           0x0000ffe8         0x00000002
VECT45           0x0000ffea         0x00000002
VECT46           0x0000ffec         0x00000002
VECT47           0x0000ffee         0x00000002
VECT48           0x0000fff0         0x00000002
VECT49           0x0000fff2         0x00000002
VECT50           0x0000fff4         0x00000002
VECT51           0x0000fff6         0x00000002
VECT52           0x0000fff8         0x00000002
VECT53           0x0000fffa         0x00000002
VECT54           0x0000fffc         0x00000002
RESETVEC         0x0000fffe         0x00000002
*default*        0x00000000         0xffffffff

Linker script and memory map

LOAD c:/ti/msp430-gcc/bin/../lib/gcc/msp430-elf/9.3.1/../../../../msp430-elf/lib/large/crt0.o
LOAD c:/ti/msp430-gcc/bin/../lib/gcc/msp430-elf/9.3.1/large/crtbegin_no_eh.o
LOAD ./accel.o
LOAD ./alpaca.o
LOAD ./main_alpaca.o
LOAD ./watchdog.o
LOAD ./libPF/PF_sim.o
START GROUP
LOAD c:/ti/msp430-gcc/bin/../lib/gcc/msp430-elf/9.3.1/large\libgcc.a
LOAD c:/ti/msp430-gcc/bin/../lib/gcc/msp430-elf/9.3.1/../../../../msp430-elf/lib/large\libc.a
END GROUP
LOAD c:/ti/msp430-gcc/bin/../lib/gcc/msp430-elf/9.3.1/large\libgcc.a
START GROUP
LOAD c:/ti/msp430-gcc/bin/../lib/gcc/msp430-elf/9.3.1/large\libmul_f5.a
LOAD c:/ti/msp430-gcc/bin/../lib/gcc/msp430-elf/9.3.1/../../../../msp430-elf/lib/large\libc.a
LOAD c:/ti/msp430-gcc/bin/../lib/gcc/msp430-elf/9.3.1/large\libgcc.a
LOAD c:/ti/msp430-gcc/bin/../lib/gcc/msp430-elf/9.3.1/../../../../msp430-elf/lib/large\libcrt.a
LOAD c:/ti/msp430-gcc/bin/../lib/gcc/msp430-elf/9.3.1/../../../../msp430-elf/lib/large\libnosys.a
END GROUP
LOAD c:/ti/msp430-gcc/bin/../lib/gcc/msp430-elf/9.3.1/large\libgcc.a
LOAD c:/ti/msp430-gcc/bin/../lib/gcc/msp430-elf/9.3.1/large/crtend_no_eh.o
LOAD c:/ti/msp430-gcc/bin/../lib/gcc/msp430-elf/9.3.1/large\libgcc.a

.leaRAM

.jtagsignature

.bslsignature

.ipe
 *(.ipesignature)
 *(.jtagpassword)

__interrupt_vector_0
 *(__interrupt_vector_0)

__interrupt_vector_1
 *(__interrupt_vector_1)

__interrupt_vector_2
 *(__interrupt_vector_2)

__interrupt_vector_3
 *(__interrupt_vector_3)

__interrupt_vector_4
 *(__interrupt_vector_4)

__interrupt_vector_5
 *(__interrupt_vector_5)

__interrupt_vector_6
 *(__interrupt_vector_6)

__interrupt_vector_7
 *(__interrupt_vector_7)

__interrupt_vector_8
 *(__interrupt_vector_8)

__interrupt_vector_9
 *(__interrupt_vector_9)

__interrupt_vector_10
 *(__interrupt_vector_10)

__interrupt_vector_11
 *(__interrupt_vector_11)

__interrupt_vector_12
 *(__interrupt_vector_12)

__interrupt_vector_13
 *(__interrupt_vector_13)

__interrupt_vector_14
 *(__interrupt_vector_14)

__interrupt_vector_15
 *(__interrupt_vector_15)

__interrupt_vector_16
 *(__interrupt_vector_16)

__interrupt_vector_17
 *(__interrupt_vector_17)

__interrupt_vector_18
 *(__interrupt_vector_18)
 *(__interrupt_vector_lea)

__interrupt_vector_19
 *(__interrupt_vector_19)
 *(__interrupt_vector_port8)

__interrupt_vector_20
 *(__interrupt_vector_20)
 *(__interrupt_vector_port7)

__interrupt_vector_21
 *(__interrupt_vector_21)
 *(__interrupt_vector_eusci_b3)

__interrupt_vector_22
 *(__interrupt_vector_22)
 *(__interrupt_vector_eusci_b2)

__interrupt_vector_23
 *(__interrupt_vector_23)
 *(__interrupt_vector_eusci_b1)

__interrupt_vector_24
 *(__interrupt_vector_24)
 *(__interrupt_vector_eusci_a3)

__interrupt_vector_25
 *(__interrupt_vector_25)
 *(__interrupt_vector_eusci_a2)

__interrupt_vector_26
 *(__interrupt_vector_26)
 *(__interrupt_vector_port6)

__interrupt_vector_27
 *(__interrupt_vector_27)
 *(__interrupt_vector_port5)

__interrupt_vector_28
 *(__interrupt_vector_28)
 *(__interrupt_vector_timer4_a1)

__interrupt_vector_29
 *(__interrupt_vector_29)
 *(__interrupt_vector_timer4_a0)

__interrupt_vector_30
 *(__interrupt_vector_30)
 *(__interrupt_vector_aes256)

__interrupt_vector_31
 *(__interrupt_vector_31)
 *(__interrupt_vector_rtc_c)

__interrupt_vector_32
 *(__interrupt_vector_32)
 *(__interrupt_vector_port4)

__interrupt_vector_33
 *(__interrupt_vector_33)
 *(__interrupt_vector_port3)

__interrupt_vector_34
 *(__interrupt_vector_34)
 *(__interrupt_vector_timer3_a1)

__interrupt_vector_35
 *(__interrupt_vector_35)
 *(__interrupt_vector_timer3_a0)

__interrupt_vector_36
 *(__interrupt_vector_36)
 *(__interrupt_vector_port2)

__interrupt_vector_37
 *(__interrupt_vector_37)
 *(__interrupt_vector_timer2_a1)

__interrupt_vector_38
 *(__interrupt_vector_38)
 *(__interrupt_vector_timer2_a0)

__interrupt_vector_39
 *(__interrupt_vector_39)
 *(__interrupt_vector_port1)

__interrupt_vector_40
 *(__interrupt_vector_40)
 *(__interrupt_vector_timer1_a1)

__interrupt_vector_41
 *(__interrupt_vector_41)
 *(__interrupt_vector_timer1_a0)

__interrupt_vector_42
 *(__interrupt_vector_42)
 *(__interrupt_vector_dma)

__interrupt_vector_43
 *(__interrupt_vector_43)
 *(__interrupt_vector_eusci_a1)

__interrupt_vector_44
 *(__interrupt_vector_44)
 *(__interrupt_vector_timer0_a1)

__interrupt_vector_45
                0x0000ffea        0x2
 *(__interrupt_vector_45)
 __interrupt_vector_45
                0x0000ffea        0x2 ./libPF/PF_sim.o
 *(__interrupt_vector_timer0_a0)

__interrupt_vector_46
 *(__interrupt_vector_46)
 *(__interrupt_vector_adc12_b)

__interrupt_vector_47
 *(__interrupt_vector_47)
 *(__interrupt_vector_eusci_b0)

__interrupt_vector_48
 *(__interrupt_vector_48)
 *(__interrupt_vector_eusci_a0)

__interrupt_vector_49
 *(__interrupt_vector_49)
 *(__interrupt_vector_wdt)

__interrupt_vector_50
 *(__interrupt_vector_50)
 *(__interrupt_vector_timer0_b1)

__interrupt_vector_51
 *(__interrupt_vector_51)
 *(__interrupt_vector_timer0_b0)

__interrupt_vector_52
 *(__interrupt_vector_52)
 *(__interrupt_vector_comp_e)

__interrupt_vector_53
 *(__interrupt_vector_53)
 *(__interrupt_vector_unmi)

__interrupt_vector_54
 *(__interrupt_vector_54)
 *(__interrupt_vector_sysnmi)

__reset_vector  0x0000fffe        0x2
 *(__interrupt_vector_55)
 *(__interrupt_vector_reset)
 *(.resetvec)
 .resetvec      0x0000fffe        0x2 c:/ti/msp430-gcc/bin/../lib/gcc/msp430-elf/9.3.1/../../../../msp430-elf/lib/large/crt0.o

.lower.rodata   0x00004000        0x0
                0x00004000                . = ALIGN (0x2)
 *(.lower.rodata.* .lower.rodata)

.rodata         0x00004000        0x0
                0x00004000                . = ALIGN (0x2)
 *(.plt)
 *(.rodata .rodata.* .gnu.linkonce.r.* .const .const:*)
 *(.rodata1)
 *(.gcc_except_table)
 *(.gcc_except_table.*)

.rodata2        0x00004000        0x0
                0x00004000                . = ALIGN (0x2)
                [!provide]                PROVIDE (__preinit_array_start = .)
 *(.preinit_array)
                [!provide]                PROVIDE (__preinit_array_end = .)
                0x00004000                . = ALIGN (0x2)
                [!provide]                PROVIDE (__init_array_start = .)
 *(SORT_BY_NAME(.init_array.*))
 *(.init_array)
                [!provide]                PROVIDE (__init_array_end = .)
                0x00004000                . = ALIGN (0x2)
                [!provide]                PROVIDE (__fini_array_start = .)
 *(.fini_array)
 *(SORT_BY_NAME(.fini_array.*))
                [!provide]                PROVIDE (__fini_array_end = .)
                0x00004000                . = ALIGN (0x2)
 *(.eh_frame_hdr)
 *(.eh_frame)
 *crtbegin*.o(.ctors)
 *(EXCLUDE_FILE(*crtend*.o) .ctors)
 *(SORT_BY_NAME(.ctors.*))
 *(.ctors)
 *crtbegin*.o(.dtors)
 *(EXCLUDE_FILE(*crtend*.o) .dtors)
 *(SORT_BY_NAME(.dtors.*))
 *(.dtors)

.persistent     0x00004000     0x12f8
                0x00004000                . = ALIGN (0x2)
                0x00004000                PROVIDE (__persistent_start = .)
 *(.persistent)
 .persistent    0x00004000       0x42 ./alpaca.o
                0x00004000                _numBoots
                0x00004002                curctx
                0x00004006                context_0
                0x0000400c                context_1
                0x00004012                num_dirty_gv
                0x00004014                gv_index
                0x00004016                data_size_base
                0x0000401a                data_dest_base
                0x0000401e                data_src_base
                0x00004022                scratch_bak
 .persistent    0x00004042     0x12ae ./main_alpaca.o
                0x00004042                _task__entry_task
                0x0000406c                _task_task_end
                0x00004096                _task_kwsAlg
                0x000040c0                _task_computeMFCC
                0x000040ea                _task_nextPath
                0x00004114                _task_computeFFT
                0x0000413e                _task_processVAD
                0x00004168                _task_allocateVAD
                0x00004192                _task_getSample
                0x000041bc                _task_task_init
                0x000041e6                _task_init
                0x00004210                exacution_counter
                0x00004212                data_size
                0x0000421a                data_dest
                0x0000422a                data_src
                0x0000423a                _global_mfcc_result
                0x000042a2                _global_spectrum
                0x000047a2                _global_freq_frame
                0x000051a2                _global_frame_vad
                0x000052e2                _global_vx
                0x000052e4                _global_vad
                0x000052e8                _global_coeff
                0x000052ea                _global_result
                0x000052ec                _global_counter_vad
                0x000052ee                _global_counter_result
 .persistent    0x000052f0        0x8 ./libPF/PF_sim.o
                0x000052f0                mod5_rand
                0x000052f2                random_num
                0x000052f4                count
                0x000052f6                timer_count
                0x000052f8                . = ALIGN (0x2)
                0x000052f8                PROVIDE (__persistent_end = .)

.persistent_hifram
                0x00010000        0x0
                0x00010000                . = ALIGN (0x2)
                [!provide]                PROVIDE (__fram_vars_start = .)
                0x00010000                . = ALIGN (0x2)
 *(.persistent_hifram)
                [!provide]                PROVIDE (__fram_vars_end = .)

.upper.rodata
 *(.upper.rodata.* .upper.rodata)

.tinyram

.lower.data     0x00001c00        0x0 load address 0x000052f8
                0x00001c00                . = ALIGN (0x2)
                0x00001c00                PROVIDE (__datastart = .)
 *(.lower.data.* .lower.data)

.data           0x00001c00        0x0 load address 0x000052f8
                0x00001c00                . = ALIGN (0x2)
                [!provide]                PROVIDE (__datastart = .)
 *(.jcr)
 *(.data.rel.ro.local)
 *(.data.rel.ro*)
 *(.dynamic)
 *(.data .data.* .gnu.linkonce.d.*)
 *(.gnu.linkonce.d.*personality*)
 *(.data1)
 *(.got.plt)
 *(.got)
                0x00001c00                . = ALIGN (0x2)
 *(.sdata .sdata.* .gnu.linkonce.s.* D_2 D_1)
                0x00001c00                . = ALIGN (0x2)
                0x00001c00                _edata = .
                [!provide]                PROVIDE (edata = .)
                [!provide]                PROVIDE (__dataend = .)
                0x000052f8                PROVIDE (__romdatastart = LOADADDR (.lower.data))
                0x00000000                PROVIDE (__romdatacopysize = (SIZEOF (.lower.data) + SIZEOF (.data)))

.upper.data     0x00010000        0x2 load address 0x000052f8
                0x000052f8                __upper_data_init = LOADADDR (.upper.data)
                0x00010000        0x2 SHORT 0x1
                0x00010002                __high_datastart = .
 *(.upper.data.* .upper.data)
                0x00010002                __high_dataend = .
                0x00000000                __rom_highdatacopysize = (SIZEOF (.upper.data) - 0x2)
                0x000052fa                __rom_highdatastart = (LOADADDR (.upper.data) + 0x2)

.lower.bss      0x00001c00        0x0
                0x00001c00                . = ALIGN (0x2)
                0x00001c00                PROVIDE (__bssstart = .)
 *(.lower.bss.* .lower.bss)

.bss            0x00001c00        0x0
                0x00001c00                . = ALIGN (0x2)
                [!provide]                PROVIDE (__bssstart = .)
 *(.dynbss)
 *(.sbss .sbss.*)
 *(.bss .bss.* .gnu.linkonce.b.*)
                0x00001c00                . = ALIGN (0x2)
 *(COMMON)
                [!provide]                PROVIDE (__bssend = .)
                0x00000000                PROVIDE (__bsssize = (SIZEOF (.lower.bss) + SIZEOF (.bss)))

.noinit         0x00001c00        0x0
                0x00001c00                . = ALIGN (0x2)
                [!provide]                PROVIDE (__noinit_start = .)
 *(.noinit)
                0x00001c00                . = ALIGN (0x2)
                [!provide]                PROVIDE (__noinit_end = .)

.upper.bss      0x00010002        0x0
                0x00010002                . = ALIGN (0x2)
                0x00010002                __high_bssstart = .
 *(.upper.bss.* .upper.bss)
                0x00010002                . = ALIGN (0x2)
                0x00010002                __high_bssend = .
                0x00000000                __high_bsssize = SIZEOF (.upper.bss)

.heap           0x00001c00        0x4
                0x00001c00                . = ALIGN (0x2)
                0x00001c00                __heap_start__ = .
                0x00001c00                _end = __heap_start__
                [!provide]                PROVIDE (end = .)
 *(.heap)
                0x00001c00                _end = .
                [!provide]                PROVIDE (end = .)
                0x00001c00        0x4 LONG 0x0
                0x00001c04                __heap_end__ = .
                0x00001c04                __HeapLimit = __heap_end__

.stack          0x00002c00        0x0
                0x00002c00                PROVIDE (__stack = .)
 *(.stack)

.lower.text     0x000052fa        0x0
                0x000052fa                . = ALIGN (0x2)
 *(.lower.text.* .lower.text)

.text           0x000052fa      0x524
                0x000052fa                PROVIDE (_start = .)
                0x000052fa                . = ALIGN (0x2)
 *(SORT_BY_NAME(.crt_*))
 .crt_0000start
                0x000052fa        0x4 c:/ti/msp430-gcc/bin/../lib/gcc/msp430-elf/9.3.1/../../../../msp430-elf/lib/large/crt0.o
                0x000052fa                __crt0_start
 .crt_0100init_bss
                0x000052fe       0x10 c:/ti/msp430-gcc/bin/../lib/gcc/msp430-elf/9.3.1/../../../../msp430-elf/lib/large\libcrt.a(crt_bss.o)
                0x000052fe                __crt0_init_bss
 .crt_0300movedata
                0x0000530e       0x14 c:/ti/msp430-gcc/bin/../lib/gcc/msp430-elf/9.3.1/../../../../msp430-elf/lib/large\libcrt.a(crt_movedata.o)
                0x0000530e                __crt0_movedata
 .crt_0800call_main
                0x00005322        0x6 c:/ti/msp430-gcc/bin/../lib/gcc/msp430-elf/9.3.1/../../../../msp430-elf/lib/large\libcrt.a(crt_main.o)
                0x00005322                __crt0_call_main
 .crt_0900call_exit
                0x00005328        0x4 c:/ti/msp430-gcc/bin/../lib/gcc/msp430-elf/9.3.1/../../../../msp430-elf/lib/large\libcrt.a(crt_callexit.o)
                0x00005328                __crt0_call_exit
                0x0000532c                . = ALIGN (0x2)
 *(.lowtext)
 .lowtext       0x0000532c       0x22 ./main_alpaca.o
 .lowtext       0x0000534e        0xa ./libPF/PF_sim.o
                0x0000534e                Timer_A
                0x00005358                . = ALIGN (0x2)
 *(.text .stub .text.* .gnu.linkonce.t.* .text:*)
 .text          0x00005358      0x12a ./alpaca.o
                0x00005358                task_prologue
                0x000053f2                transition_to
                0x00005428                write_to_gbuf
                0x0000546c                main
 .text          0x00005482      0x24a ./main_alpaca.o
                0x000054c8                init
                0x000054e8                task_init
                0x0000550a                getSample
                0x00005530                nextPath
                0x00005560                task_end
                0x00005578                _entry_task
                0x00005582                allocateVAD
                0x000055c6                processVAD
                0x000055e6                computeFFT
                0x00005642                computeMFCC
                0x000056ac                kwsAlg
                0x000056c4                clear_isDirty
                0x000056c6                _init
 .text          0x000056cc       0x4c ./watchdog.o
                0x000056cc                msp_watchdog_enable
                0x000056da                msp_watchdog_disable
                0x000056e2                msp_watchdog_kick
                0x000056f4                msp_watchdog_hold
                0x00005706                msp_watchdog_release
 .text          0x00005718       0x74 ./libPF/PF_sim.o
                0x00005782                PF_sim_start
 .text.memcpy   0x0000578c       0x20 c:/ti/msp430-gcc/bin/../lib/gcc/msp430-elf/9.3.1/../../../../msp430-elf/lib/large\libc.a(lib_a-memcpy.o)
                0x0000578c                memcpy
 .text.exit     0x000057ac        0x4 c:/ti/msp430-gcc/bin/../lib/gcc/msp430-elf/9.3.1/../../../../msp430-elf/lib/large\libnosys.a(exit.o)
                0x000057ac                _exit
                0x000057ac                exit
 .text.memmove  0x000057b0       0x54 c:/ti/msp430-gcc/bin/../lib/gcc/msp430-elf/9.3.1/../../../../msp430-elf/lib/large\libc.a(lib_a-memmove.o)
                0x000057b0                memmove
 .text.memset   0x00005804       0x1a c:/ti/msp430-gcc/bin/../lib/gcc/msp430-elf/9.3.1/../../../../msp430-elf/lib/large\libc.a(lib_a-memset.o)
                0x00005804                memset
 *(.text.*personality*)
 *(.gnu.warning)
 *(.interp .hash .dynsym .dynstr .gnu.version*)
                [!provide]                PROVIDE (__etext = .)
                [!provide]                PROVIDE (_etext = .)
                [!provide]                PROVIDE (etext = .)
                0x0000581e                . = ALIGN (0x2)
 *(.init)
 *(.fini)
 *(.tm_clone_table)

.upper.text     0x00010002        0x0
                0x00010002                . = ALIGN (0x2)
 *(.upper.text.* .upper.text)

.infoD

.infoC

.infoB

.infoA

.MSP430.attributes
                0x00000000       0x26
 *(.MSP430.attributes)
 .MSP430.attributes
                0x00000000       0x26 c:/ti/msp430-gcc/bin/../lib/gcc/msp430-elf/9.3.1/../../../../msp430-elf/lib/large/crt0.o
 .MSP430.attributes
                0x00000026       0x26 c:/ti/msp430-gcc/bin/../lib/gcc/msp430-elf/9.3.1/large/crtbegin_no_eh.o
 .MSP430.attributes
                0x0000004c       0x26 ./accel.o
 .MSP430.attributes
                0x00000072       0x26 ./alpaca.o
 .MSP430.attributes
                0x00000098       0x26 ./main_alpaca.o
 .MSP430.attributes
                0x000000be       0x26 ./watchdog.o
 .MSP430.attributes
                0x000000e4       0x26 ./libPF/PF_sim.o
 .MSP430.attributes
                0x0000010a       0x26 c:/ti/msp430-gcc/bin/../lib/gcc/msp430-elf/9.3.1/../../../../msp430-elf/lib/large\libc.a(lib_a-memcpy.o)
 .MSP430.attributes
                0x00000130       0x26 c:/ti/msp430-gcc/bin/../lib/gcc/msp430-elf/9.3.1/../../../../msp430-elf/lib/large\libcrt.a(crt_bss.o)
 .MSP430.attributes
                0x00000156       0x26 c:/ti/msp430-gcc/bin/../lib/gcc/msp430-elf/9.3.1/../../../../msp430-elf/lib/large\libcrt.a(crt_movedata.o)
 .MSP430.attributes
                0x0000017c       0x26 c:/ti/msp430-gcc/bin/../lib/gcc/msp430-elf/9.3.1/../../../../msp430-elf/lib/large\libcrt.a(crt_main.o)
 .MSP430.attributes
                0x000001a2       0x26 c:/ti/msp430-gcc/bin/../lib/gcc/msp430-elf/9.3.1/../../../../msp430-elf/lib/large\libcrt.a(crt_callexit.o)
 .MSP430.attributes
                0x000001c8       0x26 c:/ti/msp430-gcc/bin/../lib/gcc/msp430-elf/9.3.1/../../../../msp430-elf/lib/large\libnosys.a(exit.o)
 .MSP430.attributes
                0x000001ee       0x26 c:/ti/msp430-gcc/bin/../lib/gcc/msp430-elf/9.3.1/../../../../msp430-elf/lib/large\libc.a(lib_a-memmove.o)
 .MSP430.attributes
                0x00000214       0x26 c:/ti/msp430-gcc/bin/../lib/gcc/msp430-elf/9.3.1/../../../../msp430-elf/lib/large\libc.a(lib_a-memset.o)
 .MSP430.attributes
                0x0000023a       0x26 c:/ti/msp430-gcc/bin/../lib/gcc/msp430-elf/9.3.1/large/crtend_no_eh.o
 *(.gnu.attributes)
 *(__TI_build_attributes)

.stab
 *(.stab)

.stabstr
 *(.stabstr)

.stab.excl
 *(.stab.excl)

.stab.exclstr
 *(.stab.exclstr)

.stab.index
 *(.stab.index)

.stab.indexstr
 *(.stab.indexstr)

.comment        0x00000000       0x39
 *(.comment)
 .comment       0x00000000       0x39 ./alpaca.o
                                 0x3a (size before relaxing)
 .comment       0x00000039       0x3a ./main_alpaca.o
 .comment       0x00000039       0x3a ./watchdog.o
 .comment       0x00000039       0x3a ./libPF/PF_sim.o
 .comment       0x00000039       0x3a c:/ti/msp430-gcc/bin/../lib/gcc/msp430-elf/9.3.1/../../../../msp430-elf/lib/large\libc.a(lib_a-memcpy.o)
 .comment       0x00000039       0x3a c:/ti/msp430-gcc/bin/../lib/gcc/msp430-elf/9.3.1/../../../../msp430-elf/lib/large\libnosys.a(exit.o)
 .comment       0x00000039       0x3a c:/ti/msp430-gcc/bin/../lib/gcc/msp430-elf/9.3.1/../../../../msp430-elf/lib/large\libc.a(lib_a-memmove.o)
 .comment       0x00000039       0x3a c:/ti/msp430-gcc/bin/../lib/gcc/msp430-elf/9.3.1/../../../../msp430-elf/lib/large\libc.a(lib_a-memset.o)

.debug
 *(.debug)

.line
 *(.line)

.debug_srcinfo
 *(.debug_srcinfo)

.debug_sfnames
 *(.debug_sfnames)

.debug_aranges  0x00000000       0xb8
 *(.debug_aranges)
 .debug_aranges
                0x00000000       0x20 ./alpaca.o
 .debug_aranges
                0x00000020       0x30 ./main_alpaca.o
 .debug_aranges
                0x00000050       0x20 ./watchdog.o
 .debug_aranges
                0x00000070       0x28 ./libPF/PF_sim.o
 .debug_aranges
                0x00000098       0x20 c:/ti/msp430-gcc/bin/../lib/gcc/msp430-elf/9.3.1/../../../../msp430-elf/lib/large\libnosys.a(exit.o)

.debug_pubnames
 *(.debug_pubnames)

.debug_info     0x00000000    0x18203
 *(.debug_info .gnu.linkonce.wi.*)
 .debug_info    0x00000000     0x633c ./alpaca.o
 .debug_info    0x0000633c     0x6647 ./main_alpaca.o
 .debug_info    0x0000c983     0x57a8 ./watchdog.o
 .debug_info    0x0001212b     0x6089 ./libPF/PF_sim.o
 .debug_info    0x000181b4       0x4f c:/ti/msp430-gcc/bin/../lib/gcc/msp430-elf/9.3.1/../../../../msp430-elf/lib/large\libnosys.a(exit.o)

.debug_abbrev   0x00000000      0x724
 *(.debug_abbrev)
 .debug_abbrev  0x00000000      0x230 ./alpaca.o
 .debug_abbrev  0x00000230      0x215 ./main_alpaca.o
 .debug_abbrev  0x00000445       0xb6 ./watchdog.o
 .debug_abbrev  0x000004fb      0x1da ./libPF/PF_sim.o
 .debug_abbrev  0x000006d5       0x4f c:/ti/msp430-gcc/bin/../lib/gcc/msp430-elf/9.3.1/../../../../msp430-elf/lib/large\libnosys.a(exit.o)

.debug_line     0x00000000      0xf65
 *(.debug_line .debug_line.* .debug_line_end)
 .debug_line    0x00000000      0x3bb ./alpaca.o
 .debug_line    0x000003bb      0x69f ./main_alpaca.o
 .debug_line    0x00000a5a      0x1a4 ./watchdog.o
 .debug_line    0x00000bfe      0x2e6 ./libPF/PF_sim.o
 .debug_line    0x00000ee4       0x4d c:/ti/msp430-gcc/bin/../lib/gcc/msp430-elf/9.3.1/../../../../msp430-elf/lib/large\libnosys.a(exit.o)
 .debug_line.text.exit
                0x00000f31       0x34 c:/ti/msp430-gcc/bin/../lib/gcc/msp430-elf/9.3.1/../../../../msp430-elf/lib/large\libnosys.a(exit.o)
 .debug_line_end
                0x00000f65        0x0 c:/ti/msp430-gcc/bin/../lib/gcc/msp430-elf/9.3.1/../../../../msp430-elf/lib/large\libnosys.a(exit.o)

.debug_frame    0x00000000      0x32c
 *(.debug_frame)
 .debug_frame   0x00000000       0x98 ./alpaca.o
 .debug_frame   0x00000098      0x180 ./main_alpaca.o
 .debug_frame   0x00000218       0x64 ./watchdog.o
 .debug_frame   0x0000027c       0x8c ./libPF/PF_sim.o
 .debug_frame   0x00000308       0x24 c:/ti/msp430-gcc/bin/../lib/gcc/msp430-elf/9.3.1/../../../../msp430-elf/lib/large\libnosys.a(exit.o)

.debug_str      0x00000000     0x41b8
 *(.debug_str)
 .debug_str     0x00000000     0x3e2d ./alpaca.o
                               0x3eec (size before relaxing)
 .debug_str     0x00003e2d      0x22b ./main_alpaca.o
                               0x4105 (size before relaxing)
 .debug_str     0x00004058       0x75 ./watchdog.o
                               0x39ac (size before relaxing)
 .debug_str     0x000040cd       0x5c ./libPF/PF_sim.o
                               0x3db6 (size before relaxing)
 .debug_str     0x00004129       0x8f c:/ti/msp430-gcc/bin/../lib/gcc/msp430-elf/9.3.1/../../../../msp430-elf/lib/large\libnosys.a(exit.o)
                                 0x94 (size before relaxing)

.debug_loc      0x00000000       0xa9
 *(.debug_loc)
 .debug_loc     0x00000000       0x96 ./alpaca.o
 .debug_loc     0x00000096       0x13 ./watchdog.o

.debug_macinfo
 *(.debug_macinfo)

.debug_weaknames
 *(.debug_weaknames)

.debug_funcnames
 *(.debug_funcnames)

.debug_typenames
 *(.debug_typenames)

.debug_varnames
 *(.debug_varnames)

.debug_pubtypes
 *(.debug_pubtypes)

.debug_ranges   0x00000000       0x48
 *(.debug_ranges)
 .debug_ranges  0x00000000       0x20 ./main_alpaca.o
 .debug_ranges  0x00000020       0x18 ./libPF/PF_sim.o
 .debug_ranges  0x00000038       0x10 c:/ti/msp430-gcc/bin/../lib/gcc/msp430-elf/9.3.1/../../../../msp430-elf/lib/large\libnosys.a(exit.o)

.debug_macro
 *(.debug_macro)

/DISCARD/
 *(.note.GNU-stack)
                0x00000001                ASSERT ((LENGTH (FRAM) >= (__persistent_end - __persistent_start)), FRAM memory overflowed !)
                0x00000800                PROVIDE (ADC12CTL0 = 0x800)
                [!provide]                PROVIDE (ADC12CTL0_L = 0x800)
                [!provide]                PROVIDE (ADC12CTL0_H = 0x801)
                0x00000802                PROVIDE (ADC12CTL1 = 0x802)
                [!provide]                PROVIDE (ADC12CTL1_L = 0x802)
                [!provide]                PROVIDE (ADC12CTL1_H = 0x803)
                [!provide]                PROVIDE (ADC12CTL2 = 0x804)
                [!provide]                PROVIDE (ADC12CTL2_L = 0x804)
                [!provide]                PROVIDE (ADC12CTL2_H = 0x805)
                [!provide]                PROVIDE (ADC12CTL3 = 0x806)
                [!provide]                PROVIDE (ADC12CTL3_L = 0x806)
                [!provide]                PROVIDE (ADC12CTL3_H = 0x807)
                [!provide]                PROVIDE (ADC12LO = 0x808)
                [!provide]                PROVIDE (ADC12LO_L = 0x808)
                [!provide]                PROVIDE (ADC12LO_H = 0x809)
                [!provide]                PROVIDE (ADC12HI = 0x80a)
                [!provide]                PROVIDE (ADC12HI_L = 0x80a)
                [!provide]                PROVIDE (ADC12HI_H = 0x80b)
                [!provide]                PROVIDE (ADC12IFGR0 = 0x80c)
                [!provide]                PROVIDE (ADC12IFGR0_L = 0x80c)
                [!provide]                PROVIDE (ADC12IFGR0_H = 0x80d)
                [!provide]                PROVIDE (ADC12IFGR1 = 0x80e)
                [!provide]                PROVIDE (ADC12IFGR1_L = 0x80e)
                [!provide]                PROVIDE (ADC12IFGR1_H = 0x80f)
                [!provide]                PROVIDE (ADC12IFGR2 = 0x810)
                [!provide]                PROVIDE (ADC12IFGR2_L = 0x810)
                [!provide]                PROVIDE (ADC12IFGR2_H = 0x811)
                0x00000812                PROVIDE (ADC12IER0 = 0x812)
                [!provide]                PROVIDE (ADC12IER0_L = 0x812)
                [!provide]                PROVIDE (ADC12IER0_H = 0x813)
                [!provide]                PROVIDE (ADC12IER1 = 0x814)
                [!provide]                PROVIDE (ADC12IER1_L = 0x814)
                [!provide]                PROVIDE (ADC12IER1_H = 0x815)
                [!provide]                PROVIDE (ADC12IER2 = 0x816)
                [!provide]                PROVIDE (ADC12IER2_L = 0x816)
                [!provide]                PROVIDE (ADC12IER2_H = 0x817)
                0x00000818                PROVIDE (ADC12IV = 0x818)
                [!provide]                PROVIDE (ADC12IV_L = 0x818)
                [!provide]                PROVIDE (ADC12IV_H = 0x819)
                0x00000820                PROVIDE (ADC12MCTL0 = 0x820)
                [!provide]                PROVIDE (ADC12MCTL0_L = 0x820)
                [!provide]                PROVIDE (ADC12MCTL0_H = 0x821)
                [!provide]                PROVIDE (ADC12MCTL1 = 0x822)
                [!provide]                PROVIDE (ADC12MCTL1_L = 0x822)
                [!provide]                PROVIDE (ADC12MCTL1_H = 0x823)
                [!provide]                PROVIDE (ADC12MCTL2 = 0x824)
                [!provide]                PROVIDE (ADC12MCTL2_L = 0x824)
                [!provide]                PROVIDE (ADC12MCTL2_H = 0x825)
                [!provide]                PROVIDE (ADC12MCTL3 = 0x826)
                [!provide]                PROVIDE (ADC12MCTL3_L = 0x826)
                [!provide]                PROVIDE (ADC12MCTL3_H = 0x827)
                [!provide]                PROVIDE (ADC12MCTL4 = 0x828)
                [!provide]                PROVIDE (ADC12MCTL4_L = 0x828)
                [!provide]                PROVIDE (ADC12MCTL4_H = 0x829)
                [!provide]                PROVIDE (ADC12MCTL5 = 0x82a)
                [!provide]                PROVIDE (ADC12MCTL5_L = 0x82a)
                [!provide]                PROVIDE (ADC12MCTL5_H = 0x82b)
                [!provide]                PROVIDE (ADC12MCTL6 = 0x82c)
                [!provide]                PROVIDE (ADC12MCTL6_L = 0x82c)
                [!provide]                PROVIDE (ADC12MCTL6_H = 0x82d)
                [!provide]                PROVIDE (ADC12MCTL7 = 0x82e)
                [!provide]                PROVIDE (ADC12MCTL7_L = 0x82e)
                [!provide]                PROVIDE (ADC12MCTL7_H = 0x82f)
                [!provide]                PROVIDE (ADC12MCTL8 = 0x830)
                [!provide]                PROVIDE (ADC12MCTL8_L = 0x830)
                [!provide]                PROVIDE (ADC12MCTL8_H = 0x831)
                [!provide]                PROVIDE (ADC12MCTL9 = 0x832)
                [!provide]                PROVIDE (ADC12MCTL9_L = 0x832)
                [!provide]                PROVIDE (ADC12MCTL9_H = 0x833)
                [!provide]                PROVIDE (ADC12MCTL10 = 0x834)
                [!provide]                PROVIDE (ADC12MCTL10_L = 0x834)
                [!provide]                PROVIDE (ADC12MCTL10_H = 0x835)
                [!provide]                PROVIDE (ADC12MCTL11 = 0x836)
                [!provide]                PROVIDE (ADC12MCTL11_L = 0x836)
                [!provide]                PROVIDE (ADC12MCTL11_H = 0x837)
                [!provide]                PROVIDE (ADC12MCTL12 = 0x838)
                [!provide]                PROVIDE (ADC12MCTL12_L = 0x838)
                [!provide]                PROVIDE (ADC12MCTL12_H = 0x839)
                [!provide]                PROVIDE (ADC12MCTL13 = 0x83a)
                [!provide]                PROVIDE (ADC12MCTL13_L = 0x83a)
                [!provide]                PROVIDE (ADC12MCTL13_H = 0x83b)
                [!provide]                PROVIDE (ADC12MCTL14 = 0x83c)
                [!provide]                PROVIDE (ADC12MCTL14_L = 0x83c)
                [!provide]                PROVIDE (ADC12MCTL14_H = 0x83d)
                [!provide]                PROVIDE (ADC12MCTL15 = 0x83e)
                [!provide]                PROVIDE (ADC12MCTL15_L = 0x83e)
                [!provide]                PROVIDE (ADC12MCTL15_H = 0x83f)
                [!provide]                PROVIDE (ADC12MCTL16 = 0x840)
                [!provide]                PROVIDE (ADC12MCTL16_L = 0x840)
                [!provide]                PROVIDE (ADC12MCTL16_H = 0x841)
                [!provide]                PROVIDE (ADC12MCTL17 = 0x842)
                [!provide]                PROVIDE (ADC12MCTL17_L = 0x842)
                [!provide]                PROVIDE (ADC12MCTL17_H = 0x843)
                [!provide]                PROVIDE (ADC12MCTL18 = 0x844)
                [!provide]                PROVIDE (ADC12MCTL18_L = 0x844)
                [!provide]                PROVIDE (ADC12MCTL18_H = 0x845)
                [!provide]                PROVIDE (ADC12MCTL19 = 0x846)
                [!provide]                PROVIDE (ADC12MCTL19_L = 0x846)
                [!provide]                PROVIDE (ADC12MCTL19_H = 0x847)
                [!provide]                PROVIDE (ADC12MCTL20 = 0x848)
                [!provide]                PROVIDE (ADC12MCTL20_L = 0x848)
                [!provide]                PROVIDE (ADC12MCTL20_H = 0x849)
                [!provide]                PROVIDE (ADC12MCTL21 = 0x84a)
                [!provide]                PROVIDE (ADC12MCTL21_L = 0x84a)
                [!provide]                PROVIDE (ADC12MCTL21_H = 0x84b)
                [!provide]                PROVIDE (ADC12MCTL22 = 0x84c)
                [!provide]                PROVIDE (ADC12MCTL22_L = 0x84c)
                [!provide]                PROVIDE (ADC12MCTL22_H = 0x84d)
                [!provide]                PROVIDE (ADC12MCTL23 = 0x84e)
                [!provide]                PROVIDE (ADC12MCTL23_L = 0x84e)
                [!provide]                PROVIDE (ADC12MCTL23_H = 0x84f)
                [!provide]                PROVIDE (ADC12MCTL24 = 0x850)
                [!provide]                PROVIDE (ADC12MCTL24_L = 0x850)
                [!provide]                PROVIDE (ADC12MCTL24_H = 0x851)
                [!provide]                PROVIDE (ADC12MCTL25 = 0x852)
                [!provide]                PROVIDE (ADC12MCTL25_L = 0x852)
                [!provide]                PROVIDE (ADC12MCTL25_H = 0x853)
                [!provide]                PROVIDE (ADC12MCTL26 = 0x854)
                [!provide]                PROVIDE (ADC12MCTL26_L = 0x854)
                [!provide]                PROVIDE (ADC12MCTL26_H = 0x855)
                [!provide]                PROVIDE (ADC12MCTL27 = 0x856)
                [!provide]                PROVIDE (ADC12MCTL27_L = 0x856)
                [!provide]                PROVIDE (ADC12MCTL27_H = 0x857)
                [!provide]                PROVIDE (ADC12MCTL28 = 0x858)
                [!provide]                PROVIDE (ADC12MCTL28_L = 0x858)
                [!provide]                PROVIDE (ADC12MCTL28_H = 0x859)
                [!provide]                PROVIDE (ADC12MCTL29 = 0x85a)
                [!provide]                PROVIDE (ADC12MCTL29_L = 0x85a)
                [!provide]                PROVIDE (ADC12MCTL29_H = 0x85b)
                [!provide]                PROVIDE (ADC12MCTL30 = 0x85c)
                [!provide]                PROVIDE (ADC12MCTL30_L = 0x85c)
                [!provide]                PROVIDE (ADC12MCTL30_H = 0x85d)
                [!provide]                PROVIDE (ADC12MCTL31 = 0x85e)
                [!provide]                PROVIDE (ADC12MCTL31_L = 0x85e)
                [!provide]                PROVIDE (ADC12MCTL31_H = 0x85f)
                0x00000860                PROVIDE (ADC12MEM0 = 0x860)
                [!provide]                PROVIDE (ADC12MEM0_L = 0x860)
                [!provide]                PROVIDE (ADC12MEM0_H = 0x861)
                [!provide]                PROVIDE (ADC12MEM1 = 0x862)
                [!provide]                PROVIDE (ADC12MEM1_L = 0x862)
                [!provide]                PROVIDE (ADC12MEM1_H = 0x863)
                [!provide]                PROVIDE (ADC12MEM2 = 0x864)
                [!provide]                PROVIDE (ADC12MEM2_L = 0x864)
                [!provide]                PROVIDE (ADC12MEM2_H = 0x865)
                [!provide]                PROVIDE (ADC12MEM3 = 0x866)
                [!provide]                PROVIDE (ADC12MEM3_L = 0x866)
                [!provide]                PROVIDE (ADC12MEM3_H = 0x867)
                [!provide]                PROVIDE (ADC12MEM4 = 0x868)
                [!provide]                PROVIDE (ADC12MEM4_L = 0x868)
                [!provide]                PROVIDE (ADC12MEM4_H = 0x869)
                [!provide]                PROVIDE (ADC12MEM5 = 0x86a)
                [!provide]                PROVIDE (ADC12MEM5_L = 0x86a)
                [!provide]                PROVIDE (ADC12MEM5_H = 0x86b)
                [!provide]                PROVIDE (ADC12MEM6 = 0x86c)
                [!provide]                PROVIDE (ADC12MEM6_L = 0x86c)
                [!provide]                PROVIDE (ADC12MEM6_H = 0x86d)
                [!provide]                PROVIDE (ADC12MEM7 = 0x86e)
                [!provide]                PROVIDE (ADC12MEM7_L = 0x86e)
                [!provide]                PROVIDE (ADC12MEM7_H = 0x86f)
                [!provide]                PROVIDE (ADC12MEM8 = 0x870)
                [!provide]                PROVIDE (ADC12MEM8_L = 0x870)
                [!provide]                PROVIDE (ADC12MEM8_H = 0x871)
                [!provide]                PROVIDE (ADC12MEM9 = 0x872)
                [!provide]                PROVIDE (ADC12MEM9_L = 0x872)
                [!provide]                PROVIDE (ADC12MEM9_H = 0x873)
                [!provide]                PROVIDE (ADC12MEM10 = 0x874)
                [!provide]                PROVIDE (ADC12MEM10_L = 0x874)
                [!provide]                PROVIDE (ADC12MEM10_H = 0x875)
                [!provide]                PROVIDE (ADC12MEM11 = 0x876)
                [!provide]                PROVIDE (ADC12MEM11_L = 0x876)
                [!provide]                PROVIDE (ADC12MEM11_H = 0x877)
                [!provide]                PROVIDE (ADC12MEM12 = 0x878)
                [!provide]                PROVIDE (ADC12MEM12_L = 0x878)
                [!provide]                PROVIDE (ADC12MEM12_H = 0x879)
                [!provide]                PROVIDE (ADC12MEM13 = 0x87a)
                [!provide]                PROVIDE (ADC12MEM13_L = 0x87a)
                [!provide]                PROVIDE (ADC12MEM13_H = 0x87b)
                [!provide]                PROVIDE (ADC12MEM14 = 0x87c)
                [!provide]                PROVIDE (ADC12MEM14_L = 0x87c)
                [!provide]                PROVIDE (ADC12MEM14_H = 0x87d)
                [!provide]                PROVIDE (ADC12MEM15 = 0x87e)
                [!provide]                PROVIDE (ADC12MEM15_L = 0x87e)
                [!provide]                PROVIDE (ADC12MEM15_H = 0x87f)
                [!provide]                PROVIDE (ADC12MEM16 = 0x880)
                [!provide]                PROVIDE (ADC12MEM16_L = 0x880)
                [!provide]                PROVIDE (ADC12MEM16_H = 0x881)
                [!provide]                PROVIDE (ADC12MEM17 = 0x882)
                [!provide]                PROVIDE (ADC12MEM17_L = 0x882)
                [!provide]                PROVIDE (ADC12MEM17_H = 0x883)
                [!provide]                PROVIDE (ADC12MEM18 = 0x884)
                [!provide]                PROVIDE (ADC12MEM18_L = 0x884)
                [!provide]                PROVIDE (ADC12MEM18_H = 0x885)
                [!provide]                PROVIDE (ADC12MEM19 = 0x886)
                [!provide]                PROVIDE (ADC12MEM19_L = 0x886)
                [!provide]                PROVIDE (ADC12MEM19_H = 0x887)
                [!provide]                PROVIDE (ADC12MEM20 = 0x888)
                [!provide]                PROVIDE (ADC12MEM20_L = 0x888)
                [!provide]                PROVIDE (ADC12MEM20_H = 0x889)
                [!provide]                PROVIDE (ADC12MEM21 = 0x88a)
                [!provide]                PROVIDE (ADC12MEM21_L = 0x88a)
                [!provide]                PROVIDE (ADC12MEM21_H = 0x88b)
                [!provide]                PROVIDE (ADC12MEM22 = 0x88c)
                [!provide]                PROVIDE (ADC12MEM22_L = 0x88c)
                [!provide]                PROVIDE (ADC12MEM22_H = 0x88d)
                [!provide]                PROVIDE (ADC12MEM23 = 0x88e)
                [!provide]                PROVIDE (ADC12MEM23_L = 0x88e)
                [!provide]                PROVIDE (ADC12MEM23_H = 0x88f)
                [!provide]                PROVIDE (ADC12MEM24 = 0x890)
                [!provide]                PROVIDE (ADC12MEM24_L = 0x890)
                [!provide]                PROVIDE (ADC12MEM24_H = 0x891)
                [!provide]                PROVIDE (ADC12MEM25 = 0x892)
                [!provide]                PROVIDE (ADC12MEM25_L = 0x892)
                [!provide]                PROVIDE (ADC12MEM25_H = 0x893)
                [!provide]                PROVIDE (ADC12MEM26 = 0x894)
                [!provide]                PROVIDE (ADC12MEM26_L = 0x894)
                [!provide]                PROVIDE (ADC12MEM26_H = 0x895)
                [!provide]                PROVIDE (ADC12MEM27 = 0x896)
                [!provide]                PROVIDE (ADC12MEM27_L = 0x896)
                [!provide]                PROVIDE (ADC12MEM27_H = 0x897)
                [!provide]                PROVIDE (ADC12MEM28 = 0x898)
                [!provide]                PROVIDE (ADC12MEM28_L = 0x898)
                [!provide]                PROVIDE (ADC12MEM28_H = 0x899)
                [!provide]                PROVIDE (ADC12MEM29 = 0x89a)
                [!provide]                PROVIDE (ADC12MEM29_L = 0x89a)
                [!provide]                PROVIDE (ADC12MEM29_H = 0x89b)
                [!provide]                PROVIDE (ADC12MEM30 = 0x89c)
                [!provide]                PROVIDE (ADC12MEM30_L = 0x89c)
                [!provide]                PROVIDE (ADC12MEM30_H = 0x89d)
                [!provide]                PROVIDE (ADC12MEM31 = 0x89e)
                [!provide]                PROVIDE (ADC12MEM31_L = 0x89e)
                [!provide]                PROVIDE (ADC12MEM31_H = 0x89f)
                [!provide]                PROVIDE (AESACTL0 = 0x9c0)
                [!provide]                PROVIDE (AESACTL0_L = 0x9c0)
                [!provide]                PROVIDE (AESACTL0_H = 0x9c1)
                [!provide]                PROVIDE (AESACTL1 = 0x9c2)
                [!provide]                PROVIDE (AESACTL1_L = 0x9c2)
                [!provide]                PROVIDE (AESACTL1_H = 0x9c3)
                [!provide]                PROVIDE (AESASTAT = 0x9c4)
                [!provide]                PROVIDE (AESASTAT_L = 0x9c4)
                [!provide]                PROVIDE (AESASTAT_H = 0x9c5)
                [!provide]                PROVIDE (AESAKEY = 0x9c6)
                [!provide]                PROVIDE (AESAKEY_L = 0x9c6)
                [!provide]                PROVIDE (AESAKEY_H = 0x9c7)
                [!provide]                PROVIDE (AESADIN = 0x9c8)
                [!provide]                PROVIDE (AESADIN_L = 0x9c8)
                [!provide]                PROVIDE (AESADIN_H = 0x9c9)
                [!provide]                PROVIDE (AESADOUT = 0x9ca)
                [!provide]                PROVIDE (AESADOUT_L = 0x9ca)
                [!provide]                PROVIDE (AESADOUT_H = 0x9cb)
                [!provide]                PROVIDE (AESAXDIN = 0x9cc)
                [!provide]                PROVIDE (AESAXDIN_L = 0x9cc)
                [!provide]                PROVIDE (AESAXDIN_H = 0x9cd)
                [!provide]                PROVIDE (AESAXIN = 0x9ce)
                [!provide]                PROVIDE (AESAXIN_L = 0x9ce)
                [!provide]                PROVIDE (AESAXIN_H = 0x9cf)
                [!provide]                PROVIDE (CAPTIO0CTL = 0x43e)
                [!provide]                PROVIDE (CAPTIO0CTL_L = 0x43e)
                [!provide]                PROVIDE (CAPTIO0CTL_H = 0x43f)
                [!provide]                PROVIDE (CAPTIO1CTL = 0x47e)
                [!provide]                PROVIDE (CAPTIO1CTL_L = 0x47e)
                [!provide]                PROVIDE (CAPTIO1CTL_H = 0x47f)
                [!provide]                PROVIDE (CECTL0 = 0x8c0)
                [!provide]                PROVIDE (CECTL0_L = 0x8c0)
                [!provide]                PROVIDE (CECTL0_H = 0x8c1)
                [!provide]                PROVIDE (CECTL1 = 0x8c2)
                [!provide]                PROVIDE (CECTL1_L = 0x8c2)
                [!provide]                PROVIDE (CECTL1_H = 0x8c3)
                [!provide]                PROVIDE (CECTL2 = 0x8c4)
                [!provide]                PROVIDE (CECTL2_L = 0x8c4)
                [!provide]                PROVIDE (CECTL2_H = 0x8c5)
                [!provide]                PROVIDE (CECTL3 = 0x8c6)
                [!provide]                PROVIDE (CECTL3_L = 0x8c6)
                [!provide]                PROVIDE (CECTL3_H = 0x8c7)
                [!provide]                PROVIDE (CEINT = 0x8cc)
                [!provide]                PROVIDE (CEINT_L = 0x8cc)
                [!provide]                PROVIDE (CEINT_H = 0x8cd)
                [!provide]                PROVIDE (CEIV = 0x8ce)
                [!provide]                PROVIDE (CEIV_L = 0x8ce)
                [!provide]                PROVIDE (CEIV_H = 0x8cf)
                [!provide]                PROVIDE (CRCDI = 0x150)
                [!provide]                PROVIDE (CRCDI_L = 0x150)
                [!provide]                PROVIDE (CRCDI_H = 0x151)
                [!provide]                PROVIDE (CRCDIRB = 0x152)
                [!provide]                PROVIDE (CRCDIRB_L = 0x152)
                [!provide]                PROVIDE (CRCDIRB_H = 0x153)
                [!provide]                PROVIDE (CRCINIRES = 0x154)
                [!provide]                PROVIDE (CRCINIRES_L = 0x154)
                [!provide]                PROVIDE (CRCINIRES_H = 0x155)
                [!provide]                PROVIDE (CRCRESR = 0x156)
                [!provide]                PROVIDE (CRCRESR_L = 0x156)
                [!provide]                PROVIDE (CRCRESR_H = 0x157)
                [!provide]                PROVIDE (CRC32DIW0 = 0x980)
                [!provide]                PROVIDE (CRC32DIW0_L = 0x980)
                [!provide]                PROVIDE (CRC32DIW0_H = 0x981)
                [!provide]                PROVIDE (CRC32DIW1 = 0x982)
                [!provide]                PROVIDE (CRC32DIW1_L = 0x982)
                [!provide]                PROVIDE (CRC32DIW1_H = 0x983)
                [!provide]                PROVIDE (CRC32DIRBW1 = 0x984)
                [!provide]                PROVIDE (CRC32DIRBW1_L = 0x984)
                [!provide]                PROVIDE (CRC32DIRBW1_H = 0x985)
                [!provide]                PROVIDE (CRC32DIRBW0 = 0x986)
                [!provide]                PROVIDE (CRC32DIRBW0_L = 0x986)
                [!provide]                PROVIDE (CRC32DIRBW0_H = 0x987)
                [!provide]                PROVIDE (CRC32INIRESW0 = 0x988)
                [!provide]                PROVIDE (CRC32INIRESW0_L = 0x988)
                [!provide]                PROVIDE (CRC32INIRESW0_H = 0x989)
                [!provide]                PROVIDE (CRC32INIRESW1 = 0x98a)
                [!provide]                PROVIDE (CRC32INIRESW1_L = 0x98a)
                [!provide]                PROVIDE (CRC32INIRESW1_H = 0x98b)
                [!provide]                PROVIDE (CRC32RESRW1 = 0x98c)
                [!provide]                PROVIDE (CRC32RESRW1_L = 0x98c)
                [!provide]                PROVIDE (CRC32RESRW1_H = 0x98d)
                [!provide]                PROVIDE (CRC32RESRW0 = 0x98e)
                [!provide]                PROVIDE (CRC32RESRW0_L = 0x98e)
                [!provide]                PROVIDE (CRC32RESRW0_H = 0x98f)
                [!provide]                PROVIDE (CRC16DIW0 = 0x990)
                [!provide]                PROVIDE (CRC16DIW0_L = 0x990)
                [!provide]                PROVIDE (CRC16DIW0_H = 0x991)
                [!provide]                PROVIDE (CRC16DIRBW0 = 0x996)
                [!provide]                PROVIDE (CRC16DIRBW0_L = 0x996)
                [!provide]                PROVIDE (CRC16DIRBW0_H = 0x997)
                [!provide]                PROVIDE (CRC16INIRESW0 = 0x998)
                [!provide]                PROVIDE (CRC16INIRESW0_L = 0x998)
                [!provide]                PROVIDE (CRC16INIRESW0_H = 0x999)
                [!provide]                PROVIDE (CRC16RESRW0 = 0x99e)
                [!provide]                PROVIDE (CRC16RESRW0_L = 0x99e)
                [!provide]                PROVIDE (CRC16RESRW0_H = 0x99f)
                [!provide]                PROVIDE (CSCTL0 = 0x160)
                [!provide]                PROVIDE (CSCTL0_L = 0x160)
                0x00000161                PROVIDE (CSCTL0_H = 0x161)
                [!provide]                PROVIDE (CSCTL1 = 0x162)
                [!provide]                PROVIDE (CSCTL1_L = 0x162)
                [!provide]                PROVIDE (CSCTL1_H = 0x163)
                [!provide]                PROVIDE (CSCTL2 = 0x164)
                [!provide]                PROVIDE (CSCTL2_L = 0x164)
                [!provide]                PROVIDE (CSCTL2_H = 0x165)
                [!provide]                PROVIDE (CSCTL3 = 0x166)
                [!provide]                PROVIDE (CSCTL3_L = 0x166)
                [!provide]                PROVIDE (CSCTL3_H = 0x167)
                0x00000168                PROVIDE (CSCTL4 = 0x168)
                [!provide]                PROVIDE (CSCTL4_L = 0x168)
                [!provide]                PROVIDE (CSCTL4_H = 0x169)
                0x0000016a                PROVIDE (CSCTL5 = 0x16a)
                [!provide]                PROVIDE (CSCTL5_L = 0x16a)
                [!provide]                PROVIDE (CSCTL5_H = 0x16b)
                [!provide]                PROVIDE (CSCTL6 = 0x16c)
                [!provide]                PROVIDE (CSCTL6_L = 0x16c)
                [!provide]                PROVIDE (CSCTL6_H = 0x16d)
                [!provide]                PROVIDE (PAIN = 0x200)
                [!provide]                PROVIDE (PAIN_L = 0x200)
                [!provide]                PROVIDE (PAIN_H = 0x201)
                [!provide]                PROVIDE (PAOUT = 0x202)
                [!provide]                PROVIDE (PAOUT_L = 0x202)
                [!provide]                PROVIDE (PAOUT_H = 0x203)
                [!provide]                PROVIDE (PADIR = 0x204)
                [!provide]                PROVIDE (PADIR_L = 0x204)
                [!provide]                PROVIDE (PADIR_H = 0x205)
                [!provide]                PROVIDE (PAREN = 0x206)
                [!provide]                PROVIDE (PAREN_L = 0x206)
                [!provide]                PROVIDE (PAREN_H = 0x207)
                [!provide]                PROVIDE (PASEL0 = 0x20a)
                [!provide]                PROVIDE (PASEL0_L = 0x20a)
                [!provide]                PROVIDE (PASEL0_H = 0x20b)
                [!provide]                PROVIDE (PASEL1 = 0x20c)
                [!provide]                PROVIDE (PASEL1_L = 0x20c)
                [!provide]                PROVIDE (PASEL1_H = 0x20d)
                [!provide]                PROVIDE (P1IV = 0x20e)
                [!provide]                PROVIDE (P1IV_L = 0x20e)
                [!provide]                PROVIDE (P1IV_H = 0x20f)
                [!provide]                PROVIDE (PASELC = 0x216)
                [!provide]                PROVIDE (PASELC_L = 0x216)
                [!provide]                PROVIDE (PASELC_H = 0x217)
                [!provide]                PROVIDE (PAIES = 0x218)
                [!provide]                PROVIDE (PAIES_L = 0x218)
                [!provide]                PROVIDE (PAIES_H = 0x219)
                [!provide]                PROVIDE (PAIE = 0x21a)
                [!provide]                PROVIDE (PAIE_L = 0x21a)
                [!provide]                PROVIDE (PAIE_H = 0x21b)
                [!provide]                PROVIDE (PAIFG = 0x21c)
                [!provide]                PROVIDE (PAIFG_L = 0x21c)
                [!provide]                PROVIDE (PAIFG_H = 0x21d)
                [!provide]                PROVIDE (P2IV = 0x21e)
                [!provide]                PROVIDE (P2IV_L = 0x21e)
                [!provide]                PROVIDE (P2IV_H = 0x21f)
                [!provide]                PROVIDE (PBIN = 0x220)
                [!provide]                PROVIDE (PBIN_L = 0x220)
                [!provide]                PROVIDE (PBIN_H = 0x221)
                [!provide]                PROVIDE (PBOUT = 0x222)
                [!provide]                PROVIDE (PBOUT_L = 0x222)
                [!provide]                PROVIDE (PBOUT_H = 0x223)
                [!provide]                PROVIDE (PBDIR = 0x224)
                [!provide]                PROVIDE (PBDIR_L = 0x224)
                [!provide]                PROVIDE (PBDIR_H = 0x225)
                [!provide]                PROVIDE (PBREN = 0x226)
                [!provide]                PROVIDE (PBREN_L = 0x226)
                [!provide]                PROVIDE (PBREN_H = 0x227)
                [!provide]                PROVIDE (PBSEL0 = 0x22a)
                [!provide]                PROVIDE (PBSEL0_L = 0x22a)
                [!provide]                PROVIDE (PBSEL0_H = 0x22b)
                [!provide]                PROVIDE (PBSEL1 = 0x22c)
                [!provide]                PROVIDE (PBSEL1_L = 0x22c)
                [!provide]                PROVIDE (PBSEL1_H = 0x22d)
                [!provide]                PROVIDE (P3IV = 0x22e)
                [!provide]                PROVIDE (P3IV_L = 0x22e)
                [!provide]                PROVIDE (P3IV_H = 0x22f)
                [!provide]                PROVIDE (PBSELC = 0x236)
                [!provide]                PROVIDE (PBSELC_L = 0x236)
                [!provide]                PROVIDE (PBSELC_H = 0x237)
                [!provide]                PROVIDE (PBIES = 0x238)
                [!provide]                PROVIDE (PBIES_L = 0x238)
                [!provide]                PROVIDE (PBIES_H = 0x239)
                [!provide]                PROVIDE (PBIE = 0x23a)
                [!provide]                PROVIDE (PBIE_L = 0x23a)
                [!provide]                PROVIDE (PBIE_H = 0x23b)
                [!provide]                PROVIDE (PBIFG = 0x23c)
                [!provide]                PROVIDE (PBIFG_L = 0x23c)
                [!provide]                PROVIDE (PBIFG_H = 0x23d)
                [!provide]                PROVIDE (P4IV = 0x23e)
                [!provide]                PROVIDE (P4IV_L = 0x23e)
                [!provide]                PROVIDE (P4IV_H = 0x23f)
                [!provide]                PROVIDE (PCIN = 0x240)
                [!provide]                PROVIDE (PCIN_L = 0x240)
                [!provide]                PROVIDE (PCIN_H = 0x241)
                [!provide]                PROVIDE (PCOUT = 0x242)
                [!provide]                PROVIDE (PCOUT_L = 0x242)
                [!provide]                PROVIDE (PCOUT_H = 0x243)
                [!provide]                PROVIDE (PCDIR = 0x244)
                [!provide]                PROVIDE (PCDIR_L = 0x244)
                [!provide]                PROVIDE (PCDIR_H = 0x245)
                [!provide]                PROVIDE (PCREN = 0x246)
                [!provide]                PROVIDE (PCREN_L = 0x246)
                [!provide]                PROVIDE (PCREN_H = 0x247)
                [!provide]                PROVIDE (PCSEL0 = 0x24a)
                [!provide]                PROVIDE (PCSEL0_L = 0x24a)
                [!provide]                PROVIDE (PCSEL0_H = 0x24b)
                [!provide]                PROVIDE (PCSEL1 = 0x24c)
                [!provide]                PROVIDE (PCSEL1_L = 0x24c)
                [!provide]                PROVIDE (PCSEL1_H = 0x24d)
                [!provide]                PROVIDE (P5IV = 0x24e)
                [!provide]                PROVIDE (P5IV_L = 0x24e)
                [!provide]                PROVIDE (P5IV_H = 0x24f)
                [!provide]                PROVIDE (PCSELC = 0x256)
                [!provide]                PROVIDE (PCSELC_L = 0x256)
                [!provide]                PROVIDE (PCSELC_H = 0x257)
                [!provide]                PROVIDE (PCIES = 0x258)
                [!provide]                PROVIDE (PCIES_L = 0x258)
                [!provide]                PROVIDE (PCIES_H = 0x259)
                [!provide]                PROVIDE (PCIE = 0x25a)
                [!provide]                PROVIDE (PCIE_L = 0x25a)
                [!provide]                PROVIDE (PCIE_H = 0x25b)
                [!provide]                PROVIDE (PCIFG = 0x25c)
                [!provide]                PROVIDE (PCIFG_L = 0x25c)
                [!provide]                PROVIDE (PCIFG_H = 0x25d)
                [!provide]                PROVIDE (P6IV = 0x25e)
                [!provide]                PROVIDE (P6IV_L = 0x25e)
                [!provide]                PROVIDE (P6IV_H = 0x25f)
                [!provide]                PROVIDE (PDIN = 0x260)
                [!provide]                PROVIDE (PDIN_L = 0x260)
                [!provide]                PROVIDE (PDIN_H = 0x261)
                [!provide]                PROVIDE (PDOUT = 0x262)
                [!provide]                PROVIDE (PDOUT_L = 0x262)
                [!provide]                PROVIDE (PDOUT_H = 0x263)
                [!provide]                PROVIDE (PDDIR = 0x264)
                [!provide]                PROVIDE (PDDIR_L = 0x264)
                [!provide]                PROVIDE (PDDIR_H = 0x265)
                [!provide]                PROVIDE (PDREN = 0x266)
                [!provide]                PROVIDE (PDREN_L = 0x266)
                [!provide]                PROVIDE (PDREN_H = 0x267)
                [!provide]                PROVIDE (PDSEL0 = 0x26a)
                [!provide]                PROVIDE (PDSEL0_L = 0x26a)
                [!provide]                PROVIDE (PDSEL0_H = 0x26b)
                [!provide]                PROVIDE (PDSEL1 = 0x26c)
                [!provide]                PROVIDE (PDSEL1_L = 0x26c)
                [!provide]                PROVIDE (PDSEL1_H = 0x26d)
                [!provide]                PROVIDE (P7IV = 0x26e)
                [!provide]                PROVIDE (P7IV_L = 0x26e)
                [!provide]                PROVIDE (P7IV_H = 0x26f)
                [!provide]                PROVIDE (PDSELC = 0x276)
                [!provide]                PROVIDE (PDSELC_L = 0x276)
                [!provide]                PROVIDE (PDSELC_H = 0x277)
                [!provide]                PROVIDE (PDIES = 0x278)
                [!provide]                PROVIDE (PDIES_L = 0x278)
                [!provide]                PROVIDE (PDIES_H = 0x279)
                [!provide]                PROVIDE (PDIE = 0x27a)
                [!provide]                PROVIDE (PDIE_L = 0x27a)
                [!provide]                PROVIDE (PDIE_H = 0x27b)
                [!provide]                PROVIDE (PDIFG = 0x27c)
                [!provide]                PROVIDE (PDIFG_L = 0x27c)
                [!provide]                PROVIDE (PDIFG_H = 0x27d)
                [!provide]                PROVIDE (P8IV = 0x27e)
                [!provide]                PROVIDE (P8IV_L = 0x27e)
                [!provide]                PROVIDE (P8IV_H = 0x27f)
                [!provide]                PROVIDE (PEIN = 0x280)
                [!provide]                PROVIDE (PEIN_L = 0x280)
                [!provide]                PROVIDE (PEIN_H = 0x281)
                [!provide]                PROVIDE (PEOUT = 0x282)
                [!provide]                PROVIDE (PEOUT_L = 0x282)
                [!provide]                PROVIDE (PEOUT_H = 0x283)
                [!provide]                PROVIDE (PEDIR = 0x284)
                [!provide]                PROVIDE (PEDIR_L = 0x284)
                [!provide]                PROVIDE (PEDIR_H = 0x285)
                [!provide]                PROVIDE (PEREN = 0x286)
                [!provide]                PROVIDE (PEREN_L = 0x286)
                [!provide]                PROVIDE (PEREN_H = 0x287)
                [!provide]                PROVIDE (PESEL0 = 0x28a)
                [!provide]                PROVIDE (PESEL0_L = 0x28a)
                [!provide]                PROVIDE (PESEL0_H = 0x28b)
                [!provide]                PROVIDE (PESEL1 = 0x28c)
                [!provide]                PROVIDE (PESEL1_L = 0x28c)
                [!provide]                PROVIDE (PESEL1_H = 0x28d)
                [!provide]                PROVIDE (P9IV = 0x28e)
                [!provide]                PROVIDE (P9IV_L = 0x28e)
                [!provide]                PROVIDE (P9IV_H = 0x28f)
                [!provide]                PROVIDE (PESELC = 0x296)
                [!provide]                PROVIDE (PESELC_L = 0x296)
                [!provide]                PROVIDE (PESELC_H = 0x297)
                [!provide]                PROVIDE (PEIES = 0x298)
                [!provide]                PROVIDE (PEIES_L = 0x298)
                [!provide]                PROVIDE (PEIES_H = 0x299)
                [!provide]                PROVIDE (PEIE = 0x29a)
                [!provide]                PROVIDE (PEIE_L = 0x29a)
                [!provide]                PROVIDE (PEIE_H = 0x29b)
                [!provide]                PROVIDE (PEIFG = 0x29c)
                [!provide]                PROVIDE (PEIFG_L = 0x29c)
                [!provide]                PROVIDE (PEIFG_H = 0x29d)
                [!provide]                PROVIDE (PJIN = 0x320)
                [!provide]                PROVIDE (PJIN_L = 0x320)
                [!provide]                PROVIDE (PJIN_H = 0x321)
                [!provide]                PROVIDE (PJOUT = 0x322)
                [!provide]                PROVIDE (PJOUT_L = 0x322)
                [!provide]                PROVIDE (PJOUT_H = 0x323)
                [!provide]                PROVIDE (PJDIR = 0x324)
                [!provide]                PROVIDE (PJDIR_L = 0x324)
                [!provide]                PROVIDE (PJDIR_H = 0x325)
                [!provide]                PROVIDE (PJREN = 0x326)
                [!provide]                PROVIDE (PJREN_L = 0x326)
                [!provide]                PROVIDE (PJREN_H = 0x327)
                0x0000032a                PROVIDE (PJSEL0 = 0x32a)
                [!provide]                PROVIDE (PJSEL0_L = 0x32a)
                [!provide]                PROVIDE (PJSEL0_H = 0x32b)
                [!provide]                PROVIDE (PJSEL1 = 0x32c)
                [!provide]                PROVIDE (PJSEL1_L = 0x32c)
                [!provide]                PROVIDE (PJSEL1_H = 0x32d)
                [!provide]                PROVIDE (PJSELC = 0x336)
                [!provide]                PROVIDE (PJSELC_L = 0x336)
                [!provide]                PROVIDE (PJSELC_H = 0x337)
                [!provide]                PROVIDE (P1IN = 0x200)
                [!provide]                PROVIDE (P2IN = 0x201)
                [!provide]                PROVIDE (P2OUT = 0x203)
                [!provide]                PROVIDE (P1OUT = 0x202)
                [!provide]                PROVIDE (P1DIR = 0x204)
                [!provide]                PROVIDE (P2DIR = 0x205)
                [!provide]                PROVIDE (P1REN = 0x206)
                [!provide]                PROVIDE (P2REN = 0x207)
                [!provide]                PROVIDE (P1SEL0 = 0x20a)
                [!provide]                PROVIDE (P2SEL0 = 0x20b)
                [!provide]                PROVIDE (P1SEL1 = 0x20c)
                [!provide]                PROVIDE (P2SEL1 = 0x20d)
                [!provide]                PROVIDE (P1SELC = 0x216)
                [!provide]                PROVIDE (P2SELC = 0x217)
                [!provide]                PROVIDE (P1IES = 0x218)
                [!provide]                PROVIDE (P2IES = 0x219)
                [!provide]                PROVIDE (P1IE = 0x21a)
                [!provide]                PROVIDE (P2IE = 0x21b)
                [!provide]                PROVIDE (P1IFG = 0x21c)
                [!provide]                PROVIDE (P2IFG = 0x21d)
                [!provide]                PROVIDE (P3IN = 0x220)
                [!provide]                PROVIDE (P4IN = 0x221)
                0x00000222                PROVIDE (P3OUT = 0x222)
                0x00000223                PROVIDE (P4OUT = 0x223)
                [!provide]                PROVIDE (P3DIR = 0x224)
                [!provide]                PROVIDE (P4DIR = 0x225)
                [!provide]                PROVIDE (P3REN = 0x226)
                [!provide]                PROVIDE (P4REN = 0x227)
                [!provide]                PROVIDE (P4SEL0 = 0x22b)
                0x0000022a                PROVIDE (P3SEL0 = 0x22a)
                0x0000022c                PROVIDE (P3SEL1 = 0x22c)
                [!provide]                PROVIDE (P4SEL1 = 0x22d)
                [!provide]                PROVIDE (P3SELC = 0x236)
                [!provide]                PROVIDE (P4SELC = 0x237)
                [!provide]                PROVIDE (P3IES = 0x238)
                [!provide]                PROVIDE (P4IES = 0x239)
                [!provide]                PROVIDE (P3IE = 0x23a)
                [!provide]                PROVIDE (P4IE = 0x23b)
                [!provide]                PROVIDE (P3IFG = 0x23c)
                [!provide]                PROVIDE (P4IFG = 0x23d)
                [!provide]                PROVIDE (P5IN = 0x240)
                [!provide]                PROVIDE (P6IN = 0x241)
                [!provide]                PROVIDE (P5OUT = 0x242)
                [!provide]                PROVIDE (P6OUT = 0x243)
                [!provide]                PROVIDE (P5DIR = 0x244)
                [!provide]                PROVIDE (P6DIR = 0x245)
                [!provide]                PROVIDE (P5REN = 0x246)
                [!provide]                PROVIDE (P6REN = 0x247)
                [!provide]                PROVIDE (P5SEL0 = 0x24a)
                [!provide]                PROVIDE (P6SEL0 = 0x24b)
                [!provide]                PROVIDE (P5SEL1 = 0x24c)
                [!provide]                PROVIDE (P6SEL1 = 0x24d)
                [!provide]                PROVIDE (P5SELC = 0x256)
                [!provide]                PROVIDE (P6SELC = 0x257)
                [!provide]                PROVIDE (P5IES = 0x258)
                [!provide]                PROVIDE (P6IES = 0x259)
                [!provide]                PROVIDE (P5IE = 0x25a)
                [!provide]                PROVIDE (P6IE = 0x25b)
                [!provide]                PROVIDE (P5IFG = 0x25c)
                [!provide]                PROVIDE (P6IFG = 0x25d)
                [!provide]                PROVIDE (P7IN = 0x260)
                [!provide]                PROVIDE (P8IN = 0x261)
                [!provide]                PROVIDE (P7OUT = 0x262)
                [!provide]                PROVIDE (P8OUT = 0x263)
                [!provide]                PROVIDE (P7DIR = 0x264)
                [!provide]                PROVIDE (P8DIR = 0x265)
                [!provide]                PROVIDE (P7REN = 0x266)
                [!provide]                PROVIDE (P8REN = 0x267)
                [!provide]                PROVIDE (P7SEL0 = 0x26a)
                [!provide]                PROVIDE (P8SEL0 = 0x26b)
                [!provide]                PROVIDE (P7SEL1 = 0x26c)
                [!provide]                PROVIDE (P8SEL1 = 0x26d)
                [!provide]                PROVIDE (P7SELC = 0x276)
                [!provide]                PROVIDE (P8SELC = 0x277)
                [!provide]                PROVIDE (P7IES = 0x278)
                [!provide]                PROVIDE (P8IES = 0x279)
                [!provide]                PROVIDE (P7IE = 0x27a)
                [!provide]                PROVIDE (P8IE = 0x27b)
                [!provide]                PROVIDE (P7IFG = 0x27c)
                [!provide]                PROVIDE (P8IFG = 0x27d)
                [!provide]                PROVIDE (P9IN = 0x280)
                [!provide]                PROVIDE (P9OUT = 0x282)
                [!provide]                PROVIDE (P9DIR = 0x284)
                [!provide]                PROVIDE (P9REN = 0x286)
                [!provide]                PROVIDE (P9SEL0 = 0x28a)
                [!provide]                PROVIDE (P9SEL1 = 0x28c)
                [!provide]                PROVIDE (P9SELC = 0x296)
                [!provide]                PROVIDE (P9IES = 0x298)
                [!provide]                PROVIDE (P9IE = 0x29a)
                [!provide]                PROVIDE (P9IFG = 0x29c)
                [!provide]                PROVIDE (DMACTL0 = 0x500)
                [!provide]                PROVIDE (DMACTL0_L = 0x500)
                [!provide]                PROVIDE (DMACTL0_H = 0x501)
                [!provide]                PROVIDE (DMACTL1 = 0x502)
                [!provide]                PROVIDE (DMACTL1_L = 0x502)
                [!provide]                PROVIDE (DMACTL1_H = 0x503)
                [!provide]                PROVIDE (DMACTL2 = 0x504)
                [!provide]                PROVIDE (DMACTL2_L = 0x504)
                [!provide]                PROVIDE (DMACTL2_H = 0x505)
                [!provide]                PROVIDE (DMACTL4 = 0x508)
                [!provide]                PROVIDE (DMACTL4_L = 0x508)
                [!provide]                PROVIDE (DMACTL4_H = 0x509)
                [!provide]                PROVIDE (DMAIV = 0x50e)
                [!provide]                PROVIDE (DMAIV_L = 0x50e)
                [!provide]                PROVIDE (DMAIV_H = 0x50f)
                [!provide]                PROVIDE (DMA0CTL = 0x510)
                [!provide]                PROVIDE (DMA0CTL_L = 0x510)
                [!provide]                PROVIDE (DMA0CTL_H = 0x511)
                [!provide]                PROVIDE (DMA0SA = 0x512)
                [!provide]                PROVIDE (DMA0SAL = 0x512)
                [!provide]                PROVIDE (DMA0SAH = 0x514)
                [!provide]                PROVIDE (DMA0DA = 0x516)
                [!provide]                PROVIDE (DMA0DAL = 0x516)
                [!provide]                PROVIDE (DMA0DAH = 0x518)
                [!provide]                PROVIDE (DMA0SZ = 0x51a)
                [!provide]                PROVIDE (DMA0SZ_L = 0x51a)
                [!provide]                PROVIDE (DMA0SZ_H = 0x51b)
                [!provide]                PROVIDE (DMA1CTL = 0x520)
                [!provide]                PROVIDE (DMA1CTL_L = 0x520)
                [!provide]                PROVIDE (DMA1CTL_H = 0x521)
                [!provide]                PROVIDE (DMA1SA = 0x522)
                [!provide]                PROVIDE (DMA1SAL = 0x522)
                [!provide]                PROVIDE (DMA1SAH = 0x524)
                [!provide]                PROVIDE (DMA1DA = 0x526)
                [!provide]                PROVIDE (DMA1DAL = 0x526)
                [!provide]                PROVIDE (DMA1DAH = 0x528)
                [!provide]                PROVIDE (DMA1SZ = 0x52a)
                [!provide]                PROVIDE (DMA1SZ_L = 0x52a)
                [!provide]                PROVIDE (DMA1SZ_H = 0x52b)
                [!provide]                PROVIDE (DMA2CTL = 0x530)
                [!provide]                PROVIDE (DMA2CTL_L = 0x530)
                [!provide]                PROVIDE (DMA2CTL_H = 0x531)
                [!provide]                PROVIDE (DMA2SA = 0x532)
                [!provide]                PROVIDE (DMA2SAL = 0x532)
                [!provide]                PROVIDE (DMA2SAH = 0x534)
                [!provide]                PROVIDE (DMA2DA = 0x536)
                [!provide]                PROVIDE (DMA2DAL = 0x536)
                [!provide]                PROVIDE (DMA2DAH = 0x538)
                [!provide]                PROVIDE (DMA2SZ = 0x53a)
                [!provide]                PROVIDE (DMA2SZ_L = 0x53a)
                [!provide]                PROVIDE (DMA2SZ_H = 0x53b)
                [!provide]                PROVIDE (DMA3CTL = 0x540)
                [!provide]                PROVIDE (DMA3CTL_L = 0x540)
                [!provide]                PROVIDE (DMA3CTL_H = 0x541)
                [!provide]                PROVIDE (DMA3SA = 0x542)
                [!provide]                PROVIDE (DMA3SAL = 0x542)
                [!provide]                PROVIDE (DMA3SAH = 0x544)
                [!provide]                PROVIDE (DMA3DA = 0x546)
                [!provide]                PROVIDE (DMA3DAL = 0x546)
                [!provide]                PROVIDE (DMA3DAH = 0x548)
                [!provide]                PROVIDE (DMA3SZ = 0x54a)
                [!provide]                PROVIDE (DMA3SZ_L = 0x54a)
                [!provide]                PROVIDE (DMA3SZ_H = 0x54b)
                [!provide]                PROVIDE (DMA4CTL = 0x550)
                [!provide]                PROVIDE (DMA4CTL_L = 0x550)
                [!provide]                PROVIDE (DMA4CTL_H = 0x551)
                [!provide]                PROVIDE (DMA4SA = 0x552)
                [!provide]                PROVIDE (DMA4SAL = 0x552)
                [!provide]                PROVIDE (DMA4SAH = 0x554)
                [!provide]                PROVIDE (DMA4DA = 0x556)
                [!provide]                PROVIDE (DMA4DAL = 0x556)
                [!provide]                PROVIDE (DMA4DAH = 0x558)
                [!provide]                PROVIDE (DMA4SZ = 0x55a)
                [!provide]                PROVIDE (DMA4SZ_L = 0x55a)
                [!provide]                PROVIDE (DMA4SZ_H = 0x55b)
                [!provide]                PROVIDE (DMA5CTL = 0x560)
                [!provide]                PROVIDE (DMA5CTL_L = 0x560)
                [!provide]                PROVIDE (DMA5CTL_H = 0x561)
                [!provide]                PROVIDE (DMA5SA = 0x562)
                [!provide]                PROVIDE (DMA5SAL = 0x562)
                [!provide]                PROVIDE (DMA5SAH = 0x564)
                [!provide]                PROVIDE (DMA5DA = 0x566)
                [!provide]                PROVIDE (DMA5DAL = 0x566)
                [!provide]                PROVIDE (DMA5DAH = 0x568)
                [!provide]                PROVIDE (DMA5SZ = 0x56a)
                [!provide]                PROVIDE (DMA5SZ_L = 0x56a)
                [!provide]                PROVIDE (DMA5SZ_H = 0x56b)
                [!provide]                PROVIDE (FRCTL0 = 0x140)
                [!provide]                PROVIDE (FRCTL0_L = 0x140)
                [!provide]                PROVIDE (FRCTL0_H = 0x141)
                [!provide]                PROVIDE (GCCTL0 = 0x144)
                [!provide]                PROVIDE (GCCTL0_L = 0x144)
                [!provide]                PROVIDE (GCCTL0_H = 0x145)
                [!provide]                PROVIDE (GCCTL1 = 0x146)
                [!provide]                PROVIDE (GCCTL1_L = 0x146)
                [!provide]                PROVIDE (GCCTL1_H = 0x147)
                [!provide]                PROVIDE (LEACAP = 0xa80)
                [!provide]                PROVIDE (LEACAPL = 0xa80)
                [!provide]                PROVIDE (LEACAPH = 0xa82)
                [!provide]                PROVIDE (LEACNF0 = 0xa84)
                [!provide]                PROVIDE (LEACNF0L = 0xa84)
                [!provide]                PROVIDE (LEACNF0H = 0xa86)
                [!provide]                PROVIDE (LEACNF1 = 0xa88)
                [!provide]                PROVIDE (LEACNF1L = 0xa88)
                [!provide]                PROVIDE (LEACNF1H = 0xa8a)
                [!provide]                PROVIDE (LEACNF2 = 0xa8c)
                [!provide]                PROVIDE (LEACNF2L = 0xa8c)
                [!provide]                PROVIDE (LEACNF2H = 0xa8e)
                [!provide]                PROVIDE (LEAMB = 0xa90)
                [!provide]                PROVIDE (LEAMBL = 0xa90)
                [!provide]                PROVIDE (LEAMBH = 0xa92)
                [!provide]                PROVIDE (LEAMT = 0xa94)
                [!provide]                PROVIDE (LEAMTL = 0xa94)
                [!provide]                PROVIDE (LEAMTH = 0xa96)
                [!provide]                PROVIDE (LEACMA = 0xa98)
                [!provide]                PROVIDE (LEACMAL = 0xa98)
                [!provide]                PROVIDE (LEACMAH = 0xa9a)
                [!provide]                PROVIDE (LEACMCTL = 0xa9c)
                [!provide]                PROVIDE (LEACMCTLL = 0xa9c)
                [!provide]                PROVIDE (LEACMCTLH = 0xa9e)
                [!provide]                PROVIDE (LEACMDSTAT = 0xaa8)
                [!provide]                PROVIDE (LEACMDSTATL = 0xaa8)
                [!provide]                PROVIDE (LEACMDSTATH = 0xaaa)
                [!provide]                PROVIDE (LEAS1STAT = 0xaac)
                [!provide]                PROVIDE (LEAS1STATL = 0xaac)
                [!provide]                PROVIDE (LEAS1STATH = 0xaae)
                [!provide]                PROVIDE (LEAS0STAT = 0xab0)
                [!provide]                PROVIDE (LEAS0STATL = 0xab0)
                [!provide]                PROVIDE (LEAS0STATH = 0xab2)
                [!provide]                PROVIDE (LEADSTSTAT = 0xab4)
                [!provide]                PROVIDE (LEADSTSTATL = 0xab4)
                [!provide]                PROVIDE (LEADSTSTATH = 0xab6)
                [!provide]                PROVIDE (LEAPMCTL = 0xac0)
                [!provide]                PROVIDE (LEAPMCTLL = 0xac0)
                [!provide]                PROVIDE (LEAPMCTLH = 0xac2)
                [!provide]                PROVIDE (LEAPMDST = 0xac4)
                [!provide]                PROVIDE (LEAPMDSTL = 0xac4)
                [!provide]                PROVIDE (LEAPMDSTH = 0xac6)
                [!provide]                PROVIDE (LEAPMS1 = 0xac8)
                [!provide]                PROVIDE (LEAPMS1L = 0xac8)
                [!provide]                PROVIDE (LEAPMS1H = 0xaca)
                [!provide]                PROVIDE (LEAPMS0 = 0xacc)
                [!provide]                PROVIDE (LEAPMS0L = 0xacc)
                [!provide]                PROVIDE (LEAPMS0H = 0xace)
                [!provide]                PROVIDE (LEAPMCB = 0xad0)
                [!provide]                PROVIDE (LEAPMCBL = 0xad0)
                [!provide]                PROVIDE (LEAPMCBH = 0xad2)
                [!provide]                PROVIDE (LEAIFGSET = 0xaf0)
                [!provide]                PROVIDE (LEAIFGSETL = 0xaf0)
                [!provide]                PROVIDE (LEAIFGSETH = 0xaf2)
                [!provide]                PROVIDE (LEAIE = 0xaf4)
                [!provide]                PROVIDE (LEAIEL = 0xaf4)
                [!provide]                PROVIDE (LEAIEH = 0xaf6)
                [!provide]                PROVIDE (LEAIFG = 0xaf8)
                [!provide]                PROVIDE (LEAIFGL = 0xaf8)
                [!provide]                PROVIDE (LEAIFGH = 0xafa)
                [!provide]                PROVIDE (LEAIV = 0xafc)
                [!provide]                PROVIDE (LEAIVL = 0xafc)
                [!provide]                PROVIDE (LEAIVH = 0xafe)
                [!provide]                PROVIDE (MPUCTL0 = 0x5a0)
                [!provide]                PROVIDE (MPUCTL0_L = 0x5a0)
                [!provide]                PROVIDE (MPUCTL0_H = 0x5a1)
                [!provide]                PROVIDE (MPUCTL1 = 0x5a2)
                [!provide]                PROVIDE (MPUCTL1_L = 0x5a2)
                [!provide]                PROVIDE (MPUCTL1_H = 0x5a3)
                [!provide]                PROVIDE (MPUSEGB2 = 0x5a4)
                [!provide]                PROVIDE (MPUSEGB2_L = 0x5a4)
                [!provide]                PROVIDE (MPUSEGB2_H = 0x5a5)
                [!provide]                PROVIDE (MPUSEGB1 = 0x5a6)
                [!provide]                PROVIDE (MPUSEGB1_L = 0x5a6)
                [!provide]                PROVIDE (MPUSEGB1_H = 0x5a7)
                [!provide]                PROVIDE (MPUSAM = 0x5a8)
                [!provide]                PROVIDE (MPUSAM_L = 0x5a8)
                [!provide]                PROVIDE (MPUSAM_H = 0x5a9)
                [!provide]                PROVIDE (MPUIPC0 = 0x5aa)
                [!provide]                PROVIDE (MPUIPC0_L = 0x5aa)
                [!provide]                PROVIDE (MPUIPC0_H = 0x5ab)
                [!provide]                PROVIDE (MPUIPSEGB2 = 0x5ac)
                [!provide]                PROVIDE (MPUIPSEGB2_L = 0x5ac)
                [!provide]                PROVIDE (MPUIPSEGB2_H = 0x5ad)
                [!provide]                PROVIDE (MPUIPSEGB1 = 0x5ae)
                [!provide]                PROVIDE (MPUIPSEGB1_L = 0x5ae)
                [!provide]                PROVIDE (MPUIPSEGB1_H = 0x5af)
                [!provide]                PROVIDE (MPY = 0x4c0)
                [!provide]                PROVIDE (MPY_L = 0x4c0)
                [!provide]                PROVIDE (MPY_H = 0x4c1)
                [!provide]                PROVIDE (MPYS = 0x4c2)
                [!provide]                PROVIDE (MPYS_L = 0x4c2)
                [!provide]                PROVIDE (MPYS_H = 0x4c3)
                [!provide]                PROVIDE (MAC = 0x4c4)
                [!provide]                PROVIDE (MAC_L = 0x4c4)
                [!provide]                PROVIDE (MAC_H = 0x4c5)
                [!provide]                PROVIDE (MACS = 0x4c6)
                [!provide]                PROVIDE (MACS_L = 0x4c6)
                [!provide]                PROVIDE (MACS_H = 0x4c7)
                [!provide]                PROVIDE (OP2 = 0x4c8)
                [!provide]                PROVIDE (OP2_L = 0x4c8)
                [!provide]                PROVIDE (OP2_H = 0x4c9)
                [!provide]                PROVIDE (RESLO = 0x4ca)
                [!provide]                PROVIDE (RESLO_L = 0x4ca)
                [!provide]                PROVIDE (RESLO_H = 0x4cb)
                [!provide]                PROVIDE (RESHI = 0x4cc)
                [!provide]                PROVIDE (RESHI_L = 0x4cc)
                [!provide]                PROVIDE (RESHI_H = 0x4cd)
                [!provide]                PROVIDE (SUMEXT = 0x4ce)
                [!provide]                PROVIDE (SUMEXT_L = 0x4ce)
                [!provide]                PROVIDE (SUMEXT_H = 0x4cf)
                [!provide]                PROVIDE (MPY32L = 0x4d0)
                [!provide]                PROVIDE (MPY32L_L = 0x4d0)
                [!provide]                PROVIDE (MPY32L_H = 0x4d1)
                [!provide]                PROVIDE (MPY32H = 0x4d2)
                [!provide]                PROVIDE (MPY32H_L = 0x4d2)
                [!provide]                PROVIDE (MPY32H_H = 0x4d3)
                [!provide]                PROVIDE (MPYS32L = 0x4d4)
                [!provide]                PROVIDE (MPYS32L_L = 0x4d4)
                [!provide]                PROVIDE (MPYS32L_H = 0x4d5)
                [!provide]                PROVIDE (MPYS32H = 0x4d6)
                [!provide]                PROVIDE (MPYS32H_L = 0x4d6)
                [!provide]                PROVIDE (MPYS32H_H = 0x4d7)
                [!provide]                PROVIDE (MAC32L = 0x4d8)
                [!provide]                PROVIDE (MAC32L_L = 0x4d8)
                [!provide]                PROVIDE (MAC32L_H = 0x4d9)
                [!provide]                PROVIDE (MAC32H = 0x4da)
                [!provide]                PROVIDE (MAC32H_L = 0x4da)
                [!provide]                PROVIDE (MAC32H_H = 0x4db)
                [!provide]                PROVIDE (MACS32L = 0x4dc)
                [!provide]                PROVIDE (MACS32L_L = 0x4dc)
                [!provide]                PROVIDE (MACS32L_H = 0x4dd)
                [!provide]                PROVIDE (MACS32H = 0x4de)
                [!provide]                PROVIDE (MACS32H_L = 0x4de)
                [!provide]                PROVIDE (MACS32H_H = 0x4df)
                [!provide]                PROVIDE (OP2L = 0x4e0)
                [!provide]                PROVIDE (OP2L_L = 0x4e0)
                [!provide]                PROVIDE (OP2L_H = 0x4e1)
                [!provide]                PROVIDE (OP2H = 0x4e2)
                [!provide]                PROVIDE (OP2H_L = 0x4e2)
                [!provide]                PROVIDE (OP2H_H = 0x4e3)
                [!provide]                PROVIDE (RES0 = 0x4e4)
                [!provide]                PROVIDE (RES0_L = 0x4e4)
                [!provide]                PROVIDE (RES0_H = 0x4e5)
                [!provide]                PROVIDE (RES1 = 0x4e6)
                [!provide]                PROVIDE (RES1_L = 0x4e6)
                [!provide]                PROVIDE (RES1_H = 0x4e7)
                [!provide]                PROVIDE (RES2 = 0x4e8)
                [!provide]                PROVIDE (RES2_L = 0x4e8)
                [!provide]                PROVIDE (RES2_H = 0x4e9)
                [!provide]                PROVIDE (RES3 = 0x4ea)
                [!provide]                PROVIDE (RES3_L = 0x4ea)
                [!provide]                PROVIDE (RES3_H = 0x4eb)
                [!provide]                PROVIDE (MPY32CTL0 = 0x4ec)
                [!provide]                PROVIDE (MPY32CTL0_L = 0x4ec)
                [!provide]                PROVIDE (MPY32CTL0_H = 0x4ed)
                0x00000120                PROVIDE (PMMCTL0 = 0x120)
                [!provide]                PROVIDE (PMMCTL0_L = 0x120)
                [!provide]                PROVIDE (PMMCTL0_H = 0x121)
                [!provide]                PROVIDE (PMMIFG = 0x12a)
                [!provide]                PROVIDE (PMMIFG_L = 0x12a)
                [!provide]                PROVIDE (PMMIFG_H = 0x12b)
                0x00000130                PROVIDE (PM5CTL0 = 0x130)
                [!provide]                PROVIDE (PM5CTL0_L = 0x130)
                [!provide]                PROVIDE (PM5CTL0_H = 0x131)
                [!provide]                PROVIDE (RCCTL0 = 0x158)
                [!provide]                PROVIDE (RCCTL0_L = 0x158)
                [!provide]                PROVIDE (RCCTL0_H = 0x159)
                [!provide]                PROVIDE (REFCTL0 = 0x1b0)
                [!provide]                PROVIDE (REFCTL0_L = 0x1b0)
                [!provide]                PROVIDE (REFCTL0_H = 0x1b1)
                [!provide]                PROVIDE (RTCCTL0 = 0x4a0)
                0x000004a0                PROVIDE (RTCCTL0_L = 0x4a0)
                0x000004a1                PROVIDE (RTCCTL0_H = 0x4a1)
                0x000004a2                PROVIDE (RTCCTL13 = 0x4a2)
                [!provide]                PROVIDE (RTCCTL13_L = 0x4a2)
                [!provide]                PROVIDE (RTCCTL13_H = 0x4a3)
                [!provide]                PROVIDE (RTCOCAL = 0x4a4)
                [!provide]                PROVIDE (RTCOCAL_L = 0x4a4)
                [!provide]                PROVIDE (RTCOCAL_H = 0x4a5)
                [!provide]                PROVIDE (RTCTCMP = 0x4a6)
                [!provide]                PROVIDE (RTCTCMP_L = 0x4a6)
                [!provide]                PROVIDE (RTCTCMP_H = 0x4a7)
                0x000004a8                PROVIDE (RTCPS0CTL = 0x4a8)
                [!provide]                PROVIDE (RTCPS0CTL_L = 0x4a8)
                [!provide]                PROVIDE (RTCPS0CTL_H = 0x4a9)
                0x000004aa                PROVIDE (RTCPS1CTL = 0x4aa)
                [!provide]                PROVIDE (RTCPS1CTL_L = 0x4aa)
                [!provide]                PROVIDE (RTCPS1CTL_H = 0x4ab)
                [!provide]                PROVIDE (RTCPS = 0x4ac)
                [!provide]                PROVIDE (RTCPS_L = 0x4ac)
                [!provide]                PROVIDE (RTCPS_H = 0x4ad)
                [!provide]                PROVIDE (RTCIV = 0x4ae)
                [!provide]                PROVIDE (RTCIV_L = 0x4ae)
                [!provide]                PROVIDE (RTCIV_H = 0x4af)