******************************************************************************
                  MSP430 Linker PC v21.6.1                     
******************************************************************************
>> Linked Sun Aug 25 09:45:51 2024

OUTPUT FILE NAME:   <kws_continuous.out>
ENTRY POINT SYMBOL: "_c_int00_noargs"  address: 0000c500


MEMORY CONFIGURATION

         name            origin    length      used     unused   attr    fill
----------------------  --------  ---------  --------  --------  ----  --------
  TINYRAM               0000000a   00000016  00000000  00000016  RWIX
  BSL                   00001000   00000800  00000000  00000800  RWIX
  INFOD                 00001800   00000080  00000000  00000080  RWIX
  INFOC                 00001880   00000080  00000000  00000080  RWIX
  INFOB                 00001900   00000080  00000000  00000080  RWIX
  INFOA                 00001980   00000080  00000000  00000080  RWIX
  RAM                   00001c00   00001000  000000a0  00000f60  RWIX
  LEARAM                00002c00   00000ec8  00000000  00000ec8  RWIX
  LEASTACK              00003ac8   00000138  00000000  00000138  RWIX
  FRAM                  00004000   0000bf80  00008940  00003640  RWIX
  JTAGSIGNATURE         0000ff80   00000004  00000004  00000000  RWIX  ffff 
  BSLSIGNATURE          0000ff84   00000004  00000004  00000000  RWIX  ffff 
  IPESIGNATURE          0000ff88   00000008  00000008  00000000  RWIX  ffff 
  INT00                 0000ff90   00000002  00000000  00000002  RWIX
  INT01                 0000ff92   00000002  00000000  00000002  RWIX
  INT02                 0000ff94   00000002  00000000  00000002  RWIX
  INT03                 0000ff96   00000002  00000000  00000002  RWIX
  INT04                 0000ff98   00000002  00000000  00000002  RWIX
  INT05                 0000ff9a   00000002  00000000  00000002  RWIX
  INT06                 0000ff9c   00000002  00000000  00000002  RWIX
  INT07                 0000ff9e   00000002  00000000  00000002  RWIX
  INT08                 0000ffa0   00000002  00000000  00000002  RWIX
  INT09                 0000ffa2   00000002  00000000  00000002  RWIX
  INT10                 0000ffa4   00000002  00000000  00000002  RWIX
  INT11                 0000ffa6   00000002  00000000  00000002  RWIX
  INT12                 0000ffa8   00000002  00000000  00000002  RWIX
  INT13                 0000ffaa   00000002  00000000  00000002  RWIX
  INT14                 0000ffac   00000002  00000000  00000002  RWIX
  INT15                 0000ffae   00000002  00000000  00000002  RWIX
  INT16                 0000ffb0   00000002  00000000  00000002  RWIX
  INT17                 0000ffb2   00000002  00000000  00000002  RWIX
  INT18                 0000ffb4   00000002  00000002  00000000  RWIX
  INT19                 0000ffb6   00000002  00000002  00000000  RWIX
  INT20                 0000ffb8   00000002  00000002  00000000  RWIX
  INT21                 0000ffba   00000002  00000002  00000000  RWIX
  INT22                 0000ffbc   00000002  00000002  00000000  RWIX
  INT23                 0000ffbe   00000002  00000002  00000000  RWIX
  INT24                 0000ffc0   00000002  00000002  00000000  RWIX
  INT25                 0000ffc2   00000002  00000002  00000000  RWIX
  INT26                 0000ffc4   00000002  00000002  00000000  RWIX
  INT27                 0000ffc6   00000002  00000002  00000000  RWIX
  INT28                 0000ffc8   00000002  00000002  00000000  RWIX
  INT29                 0000ffca   00000002  00000002  00000000  RWIX
  INT30                 0000ffcc   00000002  00000002  00000000  RWIX
  INT31                 0000ffce   00000002  00000002  00000000  RWIX
  INT32                 0000ffd0   00000002  00000002  00000000  RWIX
  INT33                 0000ffd2   00000002  00000002  00000000  RWIX
  INT34                 0000ffd4   00000002  00000002  00000000  RWIX
  INT35                 0000ffd6   00000002  00000002  00000000  RWIX
  INT36                 0000ffd8   00000002  00000002  00000000  RWIX
  INT37                 0000ffda   00000002  00000002  00000000  RWIX
  INT38                 0000ffdc   00000002  00000002  00000000  RWIX
  INT39                 0000ffde   00000002  00000002  00000000  RWIX
  INT40                 0000ffe0   00000002  00000002  00000000  RWIX
  INT41                 0000ffe2   00000002  00000002  00000000  RWIX
  INT42                 0000ffe4   00000002  00000002  00000000  RWIX
  INT43                 0000ffe6   00000002  00000002  00000000  RWIX
  INT44                 0000ffe8   00000002  00000002  00000000  RWIX
  INT45                 0000ffea   00000002  00000002  00000000  RWIX
  INT46                 0000ffec   00000002  00000002  00000000  RWIX
  INT47                 0000ffee   00000002  00000002  00000000  RWIX
  INT48                 0000fff0   00000002  00000002  00000000  RWIX
  INT49                 0000fff2   00000002  00000002  00000000  RWIX
  INT50                 0000fff4   00000002  00000002  00000000  RWIX
  INT51                 0000fff6   00000002  00000002  00000000  RWIX
  INT52                 0000fff8   00000002  00000002  00000000  RWIX
  INT53                 0000fffa   00000002  00000002  00000000  RWIX
  INT54                 0000fffc   00000002  00000002  00000000  RWIX
  RESET                 0000fffe   00000002  00000002  00000000  RWIX
  FRAM2                 00010000   00033ff8  0000d534  00026ac4  RWIX


SECTION ALLOCATION MAP

 output                                  attributes/
section   page    origin      length       input sections
--------  ----  ----------  ----------   ----------------
.cio       0    00004000    00000120     UNINITIALIZED
                  00004000    00000120     rts430x_lc_ld_eabi.lib : trgmsg.c.obj (.cio)

.binit     0    00004000    00000000     

.sysmem    0    00004120    000000a0     UNINITIALIZED
                  00004120    00000008     rts430x_lc_ld_eabi.lib : memory.c.obj (.sysmem)
                  00004128    00000098     --HOLE--

.fram_data 
*          0    000041c0    00000000     UNINITIALIZED

.ipestruct 
*          0    00004400    00000000     UNINITIALIZED

.ipe       0    00004400    00000000     UNINITIALIZED

.ipe_const 
*          0    00004400    00000000     UNINITIALIZED

.ipe:_isr 
*          0    00004400    00000000     UNINITIALIZED

.init_array 
*          0    00004000    00000000     UNINITIALIZED

.data      0    00004400    00007ecc     UNINITIALIZED
                  00004400    00007498     main.obj (.data:NODE_WEIGHTS)
                  0000b898    00000800     main.obj (.data:LEAF_OUTPUT_WEIGHTS)
                  0000c098    000000c8     rts430x_lc_ld_eabi.lib : defs.c.obj (.data:_ftable)
                  0000c160    00000080     main.obj (.data:LEAF_OUTPUT_BIASES)
                  0000c1e0    00000078     rts430x_lc_ld_eabi.lib : host_device.c.obj (.data:_device)
                  0000c258    0000003c                            : host_device.c.obj (.data:_stream)
                  0000c294    0000001c     main.obj (.data:NODE_BIASES)
                  0000c2b0    00000004     rts430x_lc_ld_eabi.lib : exit_gvars.c.obj (.data:__TI_cleanup_ptr)
                  0000c2b4    00000004                            : exit_gvars.c.obj (.data:__TI_dtors_ptr)
                  0000c2b8    00000004                            : _lock.c.obj (.data:_lock)
                  0000c2bc    00000004                            : _lock.c.obj (.data:_unlock)
                  0000c2c0    00000004     main.obj (.data)
                  0000c2c4    00000002     rts430x_lc_ld_eabi.lib : defs.c.obj (.data)
                  0000c2c6    00000002                            : errno.c.obj (.data)
                  0000c2c8    00000002                            : exit.c.obj (.data)
                  0000c2ca    00000002                            : memory.c.obj (.data)

.text:_isr 
*          0    0000c2cc    00000260     
                  0000c2cc    00000234     main.obj (.text:_isr:ADC12_ISR)
                  0000c500    0000001c     rts430x_lc_ld_eabi.lib : boot.c.obj (.text:_isr:_c_int00_noargs)
                  0000c51c    00000008     main.obj (.text:_isr:Timer_A)
                  0000c524    00000008     rts430x_lc_ld_eabi.lib : isr_trap.asm.obj (.text:_isr:__TI_ISR_TRAP)

.bss       0    0000c52c    000001e4     UNINITIALIZED
                  0000c52c    000000a0     (.common:__TI_tmpnams)
                  0000c5cc    00000068     (.common:mfcc_result)
                  0000c634    00000050     (.common:frame_vad)
                  0000c684    00000050     (.common:freq_frame)
                  0000c6d4    00000028     (.common:spectrum)
                  0000c6fc    00000008     (.common:parmbuf)
                  0000c704    00000004     rts430x_lc_ld_eabi.lib : memory.c.obj (.bss)
                  0000c708    00000002     (.common:averageVX)
                  0000c70a    00000002     (.common:coeff)
                  0000c70c    00000002     (.common:result)
                  0000c70e    00000002     (.common:vx)

.stack     0    00002b60    000000a0     UNINITIALIZED
                  00002b60    00000004     rts430x_lc_ld_eabi.lib : boot.c.obj (.stack)
                  00002b64    0000009c     --HOLE--

.const     0    0000c710    00000230     
                  0000c710    00000108     rts430x_lc_ld_eabi.lib : k_rem_pio2.c.obj (.const:ipio2)
                  0000c818    0000005a     main.obj (.const:.string)
                  0000c872    00000040     rts430x_lc_ld_eabi.lib : k_rem_pio2.c.obj (.const:PIo2)
                  0000c8b2    00000026                            : _printfi.c.obj (.const:.string)
                  0000c8d8    00000010                            : e_pow.c.obj (.const:bp)
                  0000c8e8    00000010                            : e_pow.c.obj (.const:dp_h)
                  0000c8f8    00000010                            : e_pow.c.obj (.const:dp_l)
                  0000c908    00000010                            : e_exp.c.obj (.const:halF)
                  0000c918    00000010                            : e_exp.c.obj (.const:ln2HI)
                  0000c928    00000010                            : e_exp.c.obj (.const:ln2LO)
                  0000c938    00000008                            : k_rem_pio2.c.obj (.const:init_jk)

$fill000   0    0000ff80    00000004     
                  0000ff80    00000004     --HOLE-- [fill = ffff]

$fill001   0    0000ff84    00000004     
                  0000ff84    00000004     --HOLE-- [fill = ffff]

$fill002   0    0000ff88    00000008     
                  0000ff88    00000008     --HOLE-- [fill = ffff]

LEA        0    0000ffb4    00000002     
                  0000ffb4    00000002     rts430x_lc_ld_eabi.lib : int18.asm.obj (.int18)

PORT8      0    0000ffb6    00000002     
                  0000ffb6    00000002     rts430x_lc_ld_eabi.lib : int19.asm.obj (.int19)

PORT7      0    0000ffb8    00000002     
                  0000ffb8    00000002     rts430x_lc_ld_eabi.lib : int20.asm.obj (.int20)

EUSCI_B3   0    0000ffba    00000002     
                  0000ffba    00000002     rts430x_lc_ld_eabi.lib : int21.asm.obj (.int21)

EUSCI_B2   0    0000ffbc    00000002     
                  0000ffbc    00000002     rts430x_lc_ld_eabi.lib : int22.asm.obj (.int22)

EUSCI_B1   0    0000ffbe    00000002     
                  0000ffbe    00000002     rts430x_lc_ld_eabi.lib : int23.asm.obj (.int23)

EUSCI_A3   0    0000ffc0    00000002     
                  0000ffc0    00000002     rts430x_lc_ld_eabi.lib : int24.asm.obj (.int24)

EUSCI_A2   0    0000ffc2    00000002     
                  0000ffc2    00000002     rts430x_lc_ld_eabi.lib : int25.asm.obj (.int25)

PORT6      0    0000ffc4    00000002     
                  0000ffc4    00000002     rts430x_lc_ld_eabi.lib : int26.asm.obj (.int26)

PORT5      0    0000ffc6    00000002     
                  0000ffc6    00000002     rts430x_lc_ld_eabi.lib : int27.asm.obj (.int27)

TIMER4_A1 
*          0    0000ffc8    00000002     
                  0000ffc8    00000002     rts430x_lc_ld_eabi.lib : int28.asm.obj (.int28)

TIMER4_A0 
*          0    0000ffca    00000002     
                  0000ffca    00000002     rts430x_lc_ld_eabi.lib : int29.asm.obj (.int29)

AES256     0    0000ffcc    00000002     
                  0000ffcc    00000002     rts430x_lc_ld_eabi.lib : int30.asm.obj (.int30)

RTC_C      0    0000ffce    00000002     
                  0000ffce    00000002     rts430x_lc_ld_eabi.lib : int31.asm.obj (.int31)

PORT4      0    0000ffd0    00000002     
                  0000ffd0    00000002     rts430x_lc_ld_eabi.lib : int32.asm.obj (.int32)

PORT3      0    0000ffd2    00000002     
                  0000ffd2    00000002     rts430x_lc_ld_eabi.lib : int33.asm.obj (.int33)

TIMER3_A1 
*          0    0000ffd4    00000002     
                  0000ffd4    00000002     rts430x_lc_ld_eabi.lib : int34.asm.obj (.int34)

TIMER3_A0 
*          0    0000ffd6    00000002     
                  0000ffd6    00000002     rts430x_lc_ld_eabi.lib : int35.asm.obj (.int35)

PORT2      0    0000ffd8    00000002     
                  0000ffd8    00000002     rts430x_lc_ld_eabi.lib : int36.asm.obj (.int36)

TIMER2_A1 
*          0    0000ffda    00000002     
                  0000ffda    00000002     rts430x_lc_ld_eabi.lib : int37.asm.obj (.int37)

TIMER2_A0 
*          0    0000ffdc    00000002     
                  0000ffdc    00000002     rts430x_lc_ld_eabi.lib : int38.asm.obj (.int38)

PORT1      0    0000ffde    00000002     
                  0000ffde    00000002     rts430x_lc_ld_eabi.lib : int39.asm.obj (.int39)

TIMER1_A1 
*          0    0000ffe0    00000002     
                  0000ffe0    00000002     rts430x_lc_ld_eabi.lib : int40.asm.obj (.int40)

TIMER1_A0 
*          0    0000ffe2    00000002     
                  0000ffe2    00000002     rts430x_lc_ld_eabi.lib : int41.asm.obj (.int41)

DMA        0    0000ffe4    00000002     
                  0000ffe4    00000002     rts430x_lc_ld_eabi.lib : int42.asm.obj (.int42)

EUSCI_A1   0    0000ffe6    00000002     
                  0000ffe6    00000002     rts430x_lc_ld_eabi.lib : int43.asm.obj (.int43)

TIMER0_A1 
*          0    0000ffe8    00000002     
                  0000ffe8    00000002     rts430x_lc_ld_eabi.lib : int44.asm.obj (.int44)

TIMER0_A0 
*          0    0000ffea    00000002     
                  0000ffea    00000002     main.obj (.int45)

ADC12_B    0    0000ffec    00000002     
                  0000ffec    00000002     main.obj (.int46)

EUSCI_B0   0    0000ffee    00000002     
                  0000ffee    00000002     rts430x_lc_ld_eabi.lib : int47.asm.obj (.int47)

EUSCI_A0   0    0000fff0    00000002     
                  0000fff0    00000002     rts430x_lc_ld_eabi.lib : int48.asm.obj (.int48)

WDT        0    0000fff2    00000002     
                  0000fff2    00000002     rts430x_lc_ld_eabi.lib : int49.asm.obj (.int49)

TIMER0_B1 
*          0    0000fff4    00000002     
                  0000fff4    00000002     rts430x_lc_ld_eabi.lib : int50.asm.obj (.int50)

TIMER0_B0 
*          0    0000fff6    00000002     
                  0000fff6    00000002     rts430x_lc_ld_eabi.lib : int51.asm.obj (.int51)

COMP_E     0    0000fff8    00000002     
                  0000fff8    00000002     rts430x_lc_ld_eabi.lib : int52.asm.obj (.int52)

UNMI       0    0000fffa    00000002     
                  0000fffa    00000002     rts430x_lc_ld_eabi.lib : int53.asm.obj (.int53)

SYSNMI     0    0000fffc    00000002     
                  0000fffc    00000002     rts430x_lc_ld_eabi.lib : int54.asm.obj (.int54)

.reset     0    0000fffe    00000002     
                  0000fffe    00000002     rts430x_lc_ld_eabi.lib : boot.c.obj (.reset)

.text      0    00010000    00008a1c     
                  00010000    0000114c     rts430x_lc_ld_eabi.lib : e_pow.c.obj (.text:pow)
                  0001114c    00000db8                            : k_rem_pio2.c.obj (.text:__kernel_rem_pio2)
                  00011f04    000008d8                            : s_sin.c.obj (.text:sin)
                  000127dc    000008d2                            : s_cos.c.obj (.text:cos)
                  000130ae    0000072a                            : addd.c.obj (.text:__mspabi_addd)
                  000137d8    00000628                            : e_log.c.obj (.text:log)
                  00013e00    000005aa     fft.obj (.text:fft_radix2)
                  000143aa    00000528     rts430x_lc_ld_eabi.lib : e_exp.c.obj (.text:exp)
                  000148d2    00000468                            : frcdivd.c.obj (.text:__TI_frcdivd)
                  00014d3a    000002de                            : s_cexp.c.obj (.text:cexp)
                  00015018    000002dc                            : e_sqrt.c.obj (.text:sqrt)
                  000152f4    000002cc     libmfcc.obj (.text:GetFilterParameter)
                  000155c0    000002a8     rts430x_lc_ld_eabi.lib : k_sin.c.obj (.text:__kernel_sin)
                  00015868    00000292                            : mpyd.c.obj (.text:__mspabi_mpyd)
                  00015afa    00000264                            : k_cos.c.obj (.text:__kernel_cos)
                  00015d5e    0000021c                            : divd.c.obj (.text:__mspabi_divd)
                  00015f7a    000001e6     libmfcc.obj (.text:GetCoefficient)
                  00016160    000001c4     rts430x_lc_ld_eabi.lib : s_floor.c.obj (.text:floor)
                  00016324    000001b6                            : memory.c.obj (.text:aligned_alloc)
                  000164da    0000019e                            : k_exp.c.obj (.text:__ldexp_cexp)
                  00016678    00000172                            : _printfi.c.obj (.text:__TI_printfi_minimal:_setfield___TI_printfi_minimal)
                  000167ea    00000164                            : frcmpyd.c.obj (.text:__TI_frcmpyd)
                  0001694e    0000015a                            : fputs.c.obj (.text:fputs)
                  00016aa8    0000015a                            : s_scalbn.c.obj (.text:scalbn)
                  00016c02    0000014c                            : memory.c.obj (.text:free)
                  00016d4e    00000134     main.obj (.text:leaf)
                  00016e82    00000132     rts430x_lc_ld_eabi.lib : fs_add.asm.obj (.text)
                  00016fb4    000000fa                            : setvbuf.c.obj (.text:setvbuf)
                  000170ae    000000e4                            : _printfi.c.obj (.text:__TI_printfi_minimal:__TI_printfi_minimal)
                  00017192    000000da                            : _printfi.c.obj (.text:__TI_printfi_minimal:_pproc_diouxp___TI_printfi_minimal)
                  0001726c    000000d8                            : cmpd.c.obj (.text:__mspabi_cmpd)
                  00017344    000000c6     main.obj (.text:neuron)
                  0001740a    000000c2     rts430x_lc_ld_eabi.lib : memory.c.obj (.text:split)
                  000174cc    000000b8                            : fs_mpy.asm.obj (.text)
                  00017584    000000b2     main.obj (.text:tree_inference)
                  00017636    0000009e     rts430x_lc_ld_eabi.lib : fltlid.c.obj (.text:__mspabi_fltlid)
                  000176d4    0000009a                            : hostlseek.c.obj (.text:HOSTlseek)
                  0001776e    00000096     libmfcc.obj (.text:GetCenterFrequency)
                  00017804    00000090     rts430x_lc_ld_eabi.lib : fputc.c.obj (.text:fputc)
                  00017894    00000090                            : fs_div.asm.obj (.text)
                  00017924    00000086                            : _io_perm.c.obj (.text:__TI_wrt_ok)
                  000179aa    00000080                            : fltuld.c.obj (.text:__mspabi_fltuld)
                  00017a2a    00000078                            : autoinit.c.obj (.text:__TI_auto_init_nobinit_nopinit_hold_wdt:__TI_auto_init_nobinit_nopinit_hold_wdt)
                  00017aa2    00000076                            : copy_decompress_lzss.c.obj (.text:decompress:lzss:__TI_decompress_lzss)
                  00017b18    00000074                            : hostrename.c.obj (.text:HOSTrename)
                  00017b8c    00000074                            : fclose.c.obj (.text:__TI_closefile)
                  00017c00    00000070                            : hostopen.c.obj (.text:HOSTopen)
                  00017c70    00000070                            : fseek.c.obj (.text:fseeko)
                  00017ce0    0000006c                            : hostwrite.c.obj (.text:HOSTwrite)
                  00017d4c    0000006a                            : hostread.c.obj (.text:HOSTread)
                  00017db6    00000066                            : fixdli.c.obj (.text:__mspabi_fixdli)
                  00017e1c    00000064     libmfcc.obj (.text:GetMagnitudeFactor)
                  00017e80    00000064     rts430x_lc_ld_eabi.lib : cvtfd.c.obj (.text:__mspabi_cvtfd)
                  00017ee4    00000062                            : getdevice.c.obj (.text:getdevice)
                  00017f46    00000060                            : fflush.c.obj (.text:__TI_doflush)
                  00017fa6    0000005c                            : mult64_f5hw.asm.obj (.text:__mpyll)
                  00018002    0000005a                            : close.c.obj (.text:close)
                  0001805c    00000052                            : k_exp.c.obj (.text:__frexp_exp)
                  000180ae    0000004e                            : hostclose.c.obj (.text:HOSTclose)
                  000180fc    0000004e                            : strncpy.c.obj (.text:strncpy)
                  0001814a    0000004a                            : exit.c.obj (.text:exit)
                  00018194    0000004a                            : printf.c.obj (.text:printf)
                  000181de    00000048                            : _printfi.c.obj (.text:__TI_printfi_minimal:_pproc_str___TI_printfi_minimal)
                  00018226    00000046                            : hostunlink.c.obj (.text:HOSTunlink)
                  0001826c    00000046                            : memory.c.obj (.text:free_list_insert)
                  000182b2    00000040                            : asr64.c.obj (.text:__mspabi_srall)
                  000182f2    0000003e                            : asr32.asm.obj (.text:l_asr_const)
                  00018330    0000003e                            : lsl32.asm.obj (.text:l_lsl_const)
                  0001836e    0000003e                            : lsr32.asm.obj (.text:l_lsr_const)
                  000183ac    0000003e                            : lseek.c.obj (.text:lseek)
                  000183ea    0000003c     libmfcc.obj (.text:NormalizationFactor)
                  00018426    0000003c     rts430x_lc_ld_eabi.lib : memcpy.c.obj (.text:memcpy)
                  00018462    0000003c                            : write.c.obj (.text:write)
                  0001849e    0000003a                            : lsl64.c.obj (.text:__mspabi_sllll)
                  000184d8    0000003a                            : lsr64.c.obj (.text:__mspabi_srlll)
                  00018512    00000038     main.obj (.text:configureADC)
                  0001854a    00000036     rts430x_lc_ld_eabi.lib : fopen.c.obj (.text:__TI_cleanup)
                  00018580    00000036                            : trgmsg.c.obj (.text:__TI_writemsg)
                  000185b6    00000036                            : getdevice.c.obj (.text:finddevice)
                  000185ec    00000036                            : fs_itof.asm.obj (.text)
                  00018622    00000034                            : memccpy.c.obj (.text:memccpy)
                  00018656    00000032                            : trgmsg.c.obj (.text:__TI_readmsg)
                  00018688    00000032                            : subd.c.obj (.text:__mspabi_subd)
                  000186ba    00000030     main.obj (.text:main)
                  000186ea    00000030     rts430x_lc_ld_eabi.lib : unlink.c.obj (.text:unlink)
                  0001871a    0000002e                            : negd.c.obj (.text:__mspabi_negd)
                  00018748    0000002e                            : s_copysign.c.obj (.text:copysign)
                  00018776    0000002c                            : mult3264_f5hw.asm.obj (.text:__mpyull)
                  000187a2    0000002c                            : div16s.asm.obj (.text)
                  000187ce    0000002a                            : memory.c.obj (.text:free_list_remove)
                  000187f8    00000028                            : fixdi.c.obj (.text:__mspabi_fixdi)
                  00018820    00000024                            : copy_zero_init.c.obj (.text:decompress:ZI:__TI_zero_init_nomemset:__TI_zero_init_nomemset)
                  00018844    00000024                            : fs_utof.asm.obj (.text)
                  00018868    00000024                            : mult32_f5hw.asm.obj (.text)
                  0001888c    00000020                            : memchr.c.obj (.text:memchr)
                  000188ac    00000020                            : memset.c.obj (.text:memset)
                  000188cc    0000001c                            : strchr.c.obj (.text:strchr)
                  000188e8    0000001c                            : strcmp.c.obj (.text:strcmp)
                  00018904    0000001a     main.obj (.text:configureTimer)
                  0001891e    00000018     rts430x_lc_ld_eabi.lib : mult16_f5hw.asm.obj (.text)
                  00018936    00000016                            : copy_decompress_none.c.obj (.text:decompress:none:__TI_decompress_none)
                  0001894c    00000016                            : memory.c.obj (.text:heap_start)
                  00018962    00000016                            : div16u.asm.obj (.text)
                  00018978    00000012                            : strcpy.c.obj (.text:strcpy)
                  0001898a    00000012                            : strlen.c.obj (.text:strlen)
                  0001899c    00000010                            : asr32.asm.obj (.text:l_asr)
                  000189ac    00000010                            : lsl32.asm.obj (.text:l_lsl)
                  000189bc    00000010                            : lsr32.asm.obj (.text:l_lsr)
                  000189cc    0000000c                            : fltid.c.obj (.text:__mspabi_fltid)
                  000189d8    0000000c                            : memory.c.obj (.text:malloc)
                  000189e4    0000000a                            : lsl16.asm.obj (.text)
                  000189ee    00000008     fft.obj (.text:fft)
                  000189f6    00000008     main.obj (.text:powof2)
                  000189fe    00000006     rts430x_lc_ld_eabi.lib : fltud.c.obj (.text:__mspabi_fltud)
                  00018a04    00000006                            : printf.c.obj (.text:_outc)
                  00018a0a    00000006                            : exit.c.obj (.text:abort)
                  00018a10    00000004                            : printf.c.obj (.text:_outs)
                  00018a14    00000004                            : pre_init.c.obj (.text:_system_pre_init)
                  00018a18    00000002                            : _lock.c.obj (.text:_nop)
                  00018a1a    00000002                            : startup.c.obj (.text:_system_post_cinit)

.cinit     0    00018a1c    00004b18     
                  00018a1c    00004af6     (.cinit..data.load) [load image, compression = lzss]
                  0001d512    0000000c     (__TI_handler_table)
                  0001d51e    00000006     (.cinit..bss.load) [load image, compression = zero_init]
                  0001d524    00000010     (__TI_cinit_table)

MODULE SUMMARY

       Module                       code    ro data   rw data
       ------                       ----    -------   -------
    .\
       main.obj                     1394    94        32368  
    +--+----------------------------+-------+---------+---------+
       Total:                       1394    94        32368  
                                                             
    .\fft-small\
       fft.obj                      1458    0         0      
    +--+----------------------------+-------+---------+---------+
       Total:                       1458    0         0      
                                                             
    .\libmfcc\
       libmfcc.obj                  1512    0         0      
    +--+----------------------------+-------+---------+---------+
       Total:                       1512    0         0      
                                                             
    C:\ti\ccs1250\ccs\tools\compiler\ti-cgt-msp430_21.6.1.LTS\lib\rts430x_lc_ld_eabi.lib
       e_pow.c.obj                  4428    48        0      
       k_rem_pio2.c.obj             3512    336       0      
       s_sin.c.obj                  2264    0         0      
       s_cos.c.obj                  2258    0         0      
       addd.c.obj                   1834    0         0      
       e_log.c.obj                  1576    0         0      
       e_exp.c.obj                  1320    48        0      
       frcdivd.c.obj                1128    0         0      
       memory.c.obj                 1110    0         6      
       _printfi.c.obj               888     38        0      
       s_cexp.c.obj                 734     0         0      
       e_sqrt.c.obj                 732     0         0      
       k_sin.c.obj                  680     0         0      
       mpyd.c.obj                   658     0         0      
       k_cos.c.obj                  612     0         0      
       divd.c.obj                   540     0         0      
       k_exp.c.obj                  496     0         0      
       s_floor.c.obj                452     0         0      
       trgmsg.c.obj                 104     0         288    
       defs.c.obj                   0       0         362    
       frcmpyd.c.obj                356     0         0      
       fputs.c.obj                  346     0         0      
       s_scalbn.c.obj               346     0         0      
       fs_add.asm.obj               306     0         0      
       setvbuf.c.obj                250     0         0      
       cmpd.c.obj                   216     0         0      
       fs_mpy.asm.obj               184     0         0      
       host_device.c.obj            0       0         180    
       fltlid.c.obj                 158     0         0      
       hostlseek.c.obj              154     0         0      
       getdevice.c.obj              152     0         0      
       fputc.c.obj                  144     0         0      
       fs_div.asm.obj               144     0         0      
       _io_perm.c.obj               134     0         0      
       fltuld.c.obj                 128     0         0      
       autoinit.c.obj               120     0         0      
       hostopen.c.obj               112     0         8      
       copy_decompress_lzss.c.obj   118     0         0      
       fclose.c.obj                 116     0         0      
       hostrename.c.obj             116     0         0      
       fseek.c.obj                  112     0         0      
       hostwrite.c.obj              108     0         0      
       hostread.c.obj               106     0         0      
       fixdli.c.obj                 102     0         0      
       cvtfd.c.obj                  100     0         0      
       fflush.c.obj                 96      0         0      
       mult64_f5hw.asm.obj          92      0         0      
       close.c.obj                  90      0         0      
       printf.c.obj                 84      0         0      
       exit.c.obj                   80      0         2      
       asr32.asm.obj                78      0         0      
       hostclose.c.obj              78      0         0      
       lsl32.asm.obj                78      0         0      
       lsr32.asm.obj                78      0         0      
       strncpy.c.obj                78      0         0      
       hostunlink.c.obj             70      0         0      
       asr64.c.obj                  64      0         0      
       lseek.c.obj                  62      0         0      
       memcpy.c.obj                 60      0         0      
       write.c.obj                  60      0         0      
       lsl64.c.obj                  58      0         0      
       lsr64.c.obj                  58      0         0      
       fopen.c.obj                  54      0         0      
       fs_itof.asm.obj              54      0         0      
       memccpy.c.obj                52      0         0      
       subd.c.obj                   50      0         0      
       unlink.c.obj                 48      0         0      
       negd.c.obj                   46      0         0      
       s_copysign.c.obj             46      0         0      
       div16s.asm.obj               44      0         0      
       mult3264_f5hw.asm.obj        44      0         0      
       fixdi.c.obj                  40      0         0      
       copy_zero_init.c.obj         36      0         0      
       fs_utof.asm.obj              36      0         0      
       mult32_f5hw.asm.obj          36      0         0      
       memchr.c.obj                 32      0         0      
       memset.c.obj                 32      0         0      
       boot.c.obj                   28      2         0      
       strchr.c.obj                 28      0         0      
       strcmp.c.obj                 28      0         0      
       mult16_f5hw.asm.obj          24      0         0      
       copy_decompress_none.c.obj   22      0         0      
       div16u.asm.obj               22      0         0      
       strcpy.c.obj                 18      0         0      
       strlen.c.obj                 18      0         0      
       fltid.c.obj                  12      0         0      
       _lock.c.obj                  2       0         8      
       lsl16.asm.obj                10      0         0      
       exit_gvars.c.obj             0       0         8      
       isr_trap.asm.obj             8       0         0      
       fltud.c.obj                  6       0         0      
       pre_init.c.obj               4       0         0      
       errno.c.obj                  0       0         2      
       int18.asm.obj                0       2         0      
       int19.asm.obj                0       2         0      
       int20.asm.obj                0       2         0      
       int21.asm.obj                0       2         0      
       int22.asm.obj                0       2         0      
       int23.asm.obj                0       2         0      
       int24.asm.obj                0       2         0      
       int25.asm.obj                0       2         0      
       int26.asm.obj                0       2         0      
       int27.asm.obj                0       2         0      
       int28.asm.obj                0       2         0      
       int29.asm.obj                0       2         0      
       int30.asm.obj                0       2         0      
       int31.asm.obj                0       2         0      
       int32.asm.obj                0       2         0      
       int33.asm.obj                0       2         0      
       int34.asm.obj                0       2         0      
       int35.asm.obj                0       2         0      
       int36.asm.obj                0       2         0      
       int37.asm.obj                0       2         0      
       int38.asm.obj                0       2         0      
       int39.asm.obj                0       2         0      
       int40.asm.obj                0       2         0      
       int41.asm.obj                0       2         0      
       int42.asm.obj                0       2         0      
       int43.asm.obj                0       2         0      
       int44.asm.obj                0       2         0      
       int47.asm.obj                0       2         0      
       int48.asm.obj                0       2         0      
       int49.asm.obj                0       2         0      
       int50.asm.obj                0       2         0      
       int51.asm.obj                0       2         0      
       int52.asm.obj                0       2         0      
       int53.asm.obj                0       2         0      
       int54.asm.obj                0       2         0      
       startup.c.obj                2       0         0      
    +--+----------------------------+-------+---------+---------+
       Total:                       31600   542       864    
                                                             
       Heap:                        0       0         160    
       Stack:                       0       0         160    
       Linker Generated:            0       19224     0      
    +--+----------------------------+-------+---------+---------+
       Grand Total:                 35964   19860     33552  


LINKER GENERATED COPY TABLES

__TI_cinit_table @ 0001d524 records: 2, size/record: 8, table size: 16
	.data: load addr=00018a1c, load size=00004af6 bytes, run addr=00004400, run size=00007ecc bytes, compression=lzss
	.bss: load addr=0001d51e, load size=00000006 bytes, run addr=0000c52c, run size=000001e4 bytes, compression=zero_init


LINKER GENERATED HANDLER TABLE

__TI_handler_table @ 0001d512 records: 3, size/record: 4, table size: 12
	index: 0, handler: __TI_zero_init
	index: 1, handler: __TI_decompress_lzss
	index: 2, handler: __TI_decompress_none


GLOBAL SYMBOLS: SORTED ALPHABETICALLY BY Name 

address   name                                   
-------   ----                                   
00000800  ADC12CTL0                              
00000801  ADC12CTL0_H                            
00000800  ADC12CTL0_L                            
00000802  ADC12CTL1                              
00000803  ADC12CTL1_H                            
00000802  ADC12CTL1_L                            
00000804  ADC12CTL2                              
00000805  ADC12CTL2_H                            
00000804  ADC12CTL2_L                            
00000806  ADC12CTL3                              
00000807  ADC12CTL3_H                            
00000806  ADC12CTL3_L                            
0000080a  ADC12HI                                
0000080b  ADC12HI_H                              
0000080a  ADC12HI_L                              
00000812  ADC12IER0                              
00000813  ADC12IER0_H                            
00000812  ADC12IER0_L                            
00000814  ADC12IER1                              
00000815  ADC12IER1_H                            
00000814  ADC12IER1_L                            
00000816  ADC12IER2                              
00000817  ADC12IER2_H                            
00000816  ADC12IER2_L                            
0000080c  ADC12IFGR0                             
0000080d  ADC12IFGR0_H                           
0000080c  ADC12IFGR0_L                           
0000080e  ADC12IFGR1                             
0000080f  ADC12IFGR1_H                           
0000080e  ADC12IFGR1_L                           
00000810  ADC12IFGR2                             
00000811  ADC12IFGR2_H                           
00000810  ADC12IFGR2_L                           
00000818  ADC12IV                                
00000819  ADC12IV_H                              
00000818  ADC12IV_L                              
00000808  ADC12LO                                
00000809  ADC12LO_H                              
00000808  ADC12LO_L                              
00000820  ADC12MCTL0                             
00000821  ADC12MCTL0_H                           
00000820  ADC12MCTL0_L                           
00000822  ADC12MCTL1                             
00000834  ADC12MCTL10                            
00000835  ADC12MCTL10_H                          
00000834  ADC12MCTL10_L                          
00000836  ADC12MCTL11                            
00000837  ADC12MCTL11_H                          
00000836  ADC12MCTL11_L                          
00000838  ADC12MCTL12                            
00000839  ADC12MCTL12_H                          
00000838  ADC12MCTL12_L                          
0000083a  ADC12MCTL13                            
0000083b  ADC12MCTL13_H                          
0000083a  ADC12MCTL13_L                          
0000083c  ADC12MCTL14                            
0000083d  ADC12MCTL14_H                          
0000083c  ADC12MCTL14_L                          
0000083e  ADC12MCTL15                            
0000083f  ADC12MCTL15_H                          
0000083e  ADC12MCTL15_L                          
00000840  ADC12MCTL16                            
00000841  ADC12MCTL16_H                          
00000840  ADC12MCTL16_L                          
00000842  ADC12MCTL17                            
00000843  ADC12MCTL17_H                          
00000842  ADC12MCTL17_L                          
00000844  ADC12MCTL18                            
00000845  ADC12MCTL18_H                          
00000844  ADC12MCTL18_L                          
00000846  ADC12MCTL19                            
00000847  ADC12MCTL19_H                          
00000846  ADC12MCTL19_L                          
00000823  ADC12MCTL1_H                           
00000822  ADC12MCTL1_L                           
00000824  ADC12MCTL2                             
00000848  ADC12MCTL20                            
00000849  ADC12MCTL20_H                          
00000848  ADC12MCTL20_L                          
0000084a  ADC12MCTL21                            
0000084b  ADC12MCTL21_H                          
0000084a  ADC12MCTL21_L                          
0000084c  ADC12MCTL22                            
0000084d  ADC12MCTL22_H                          
0000084c  ADC12MCTL22_L                          
0000084e  ADC12MCTL23                            
0000084f  ADC12MCTL23_H                          
0000084e  ADC12MCTL23_L                          
00000850  ADC12MCTL24                            
00000851  ADC12MCTL24_H                          
00000850  ADC12MCTL24_L                          
00000852  ADC12MCTL25                            
00000853  ADC12MCTL25_H                          
00000852  ADC12MCTL25_L                          
00000854  ADC12MCTL26                            
00000855  ADC12MCTL26_H                          
00000854  ADC12MCTL26_L                          
00000856  ADC12MCTL27                            
00000857  ADC12MCTL27_H                          
00000856  ADC12MCTL27_L                          
00000858  ADC12MCTL28                            
00000859  ADC12MCTL28_H                          
00000858  ADC12MCTL28_L                          
0000085a  ADC12MCTL29                            
0000085b  ADC12MCTL29_H                          
0000085a  ADC12MCTL29_L                          
00000825  ADC12MCTL2_H                           
00000824  ADC12MCTL2_L                           
00000826  ADC12MCTL3                             
0000085c  ADC12MCTL30                            
0000085d  ADC12MCTL30_H                          
0000085c  ADC12MCTL30_L                          
0000085e  ADC12MCTL31                            
0000085f  ADC12MCTL31_H                          
0000085e  ADC12MCTL31_L                          
00000827  ADC12MCTL3_H                           
00000826  ADC12MCTL3_L                           
00000828  ADC12MCTL4                             
00000829  ADC12MCTL4_H                           
00000828  ADC12MCTL4_L                           
0000082a  ADC12MCTL5                             
0000082b  ADC12MCTL5_H                           
0000082a  ADC12MCTL5_L                           
0000082c  ADC12MCTL6                             
0000082d  ADC12MCTL6_H                           
0000082c  ADC12MCTL6_L                           
0000082e  ADC12MCTL7                             
0000082f  ADC12MCTL7_H                           
0000082e  ADC12MCTL7_L                           
00000830  ADC12MCTL8                             
00000831  ADC12MCTL8_H                           
00000830  ADC12MCTL8_L                           
00000832  ADC12MCTL9                             
00000833  ADC12MCTL9_H                           
00000832  ADC12MCTL9_L                           
00000860  ADC12MEM0                              
00000861  ADC12MEM0_H                            
00000860  ADC12MEM0_L                            
00000862  ADC12MEM1                              
00000874  ADC12MEM10                             
00000875  ADC12MEM10_H                           
00000874  ADC12MEM10_L                           
00000876  ADC12MEM11                             
00000877  ADC12MEM11_H                           
00000876  ADC12MEM11_L                           
00000878  ADC12MEM12                             
00000879  ADC12MEM12_H                           
00000878  ADC12MEM12_L                           
0000087a  ADC12MEM13                             
0000087b  ADC12MEM13_H                           
0000087a  ADC12MEM13_L                           
0000087c  ADC12MEM14                             
0000087d  ADC12MEM14_H                           
0000087c  ADC12MEM14_L                           
0000087e  ADC12MEM15                             
0000087f  ADC12MEM15_H                           
0000087e  ADC12MEM15_L                           
00000880  ADC12MEM16                             
00000881  ADC12MEM16_H                           
00000880  ADC12MEM16_L                           
00000882  ADC12MEM17                             
00000883  ADC12MEM17_H                           
00000882  ADC12MEM17_L                           
00000884  ADC12MEM18                             
00000885  ADC12MEM18_H                           
00000884  ADC12MEM18_L                           
00000886  ADC12MEM19                             
00000887  ADC12MEM19_H                           
00000886  ADC12MEM19_L                           
00000863  ADC12MEM1_H                            
00000862  ADC12MEM1_L                            
00000864  ADC12MEM2                              
00000888  ADC12MEM20                             
00000889  ADC12MEM20_H                           
00000888  ADC12MEM20_L                           
0000088a  ADC12MEM21                             
0000088b  ADC12MEM21_H                           
0000088a  ADC12MEM21_L                           
0000088c  ADC12MEM22                             
0000088d  ADC12MEM22_H                           
0000088c  ADC12MEM22_L                           
0000088e  ADC12MEM23                             
0000088f  ADC12MEM23_H                           
0000088e  ADC12MEM23_L                           
00000890  ADC12MEM24                             
00000891  ADC12MEM24_H                           
00000890  ADC12MEM24_L                           
00000892  ADC12MEM25                             
00000893  ADC12MEM25_H                           
00000892  ADC12MEM25_L                           
00000894  ADC12MEM26                             
00000895  ADC12MEM26_H                           
00000894  ADC12MEM26_L                           
00000896  ADC12MEM27                             
00000897  ADC12MEM27_H                           
00000896  ADC12MEM27_L                           
00000898  ADC12MEM28                             
00000899  ADC12MEM28_H                           
00000898  ADC12MEM28_L                           
0000089a  ADC12MEM29                             
0000089b  ADC12MEM29_H                           
0000089a  ADC12MEM29_L                           
00000865  ADC12MEM2_H                            
00000864  ADC12MEM2_L                            
00000866  ADC12MEM3                              
0000089c  ADC12MEM30                             
0000089d  ADC12MEM30_H                           
0000089c  ADC12MEM30_L                           
0000089e  ADC12MEM31                             
0000089f  ADC12MEM31_H                           
0000089e  ADC12MEM31_L                           
00000867  ADC12MEM3_H                            
00000866  ADC12MEM3_L                            
00000868  ADC12MEM4                              
00000869  ADC12MEM4_H                            
00000868  ADC12MEM4_L                            
0000086a  ADC12MEM5                              
0000086b  ADC12MEM5_H                            
0000086a  ADC12MEM5_L                            
0000086c  ADC12MEM6                              
0000086d  ADC12MEM6_H                            
0000086c  ADC12MEM6_L                            
0000086e  ADC12MEM7                              
0000086f  ADC12MEM7_H                            
0000086e  ADC12MEM7_L                            
00000870  ADC12MEM8                              
00000871  ADC12MEM8_H                            
00000870  ADC12MEM8_L                            
00000872  ADC12MEM9                              
00000873  ADC12MEM9_H                            
00000872  ADC12MEM9_L                            
0000c2cc  ADC12_ISR                              
000009c0  AESACTL0                               
000009c1  AESACTL0_H                             
000009c0  AESACTL0_L                             
000009c2  AESACTL1                               
000009c3  AESACTL1_H                             
000009c2  AESACTL1_L                             
000009c8  AESADIN                                
000009c9  AESADIN_H                              
000009c8  AESADIN_L                              
000009ca  AESADOUT                               
000009cb  AESADOUT_H                             
000009ca  AESADOUT_L                             
000009c6  AESAKEY                                
000009c7  AESAKEY_H                              
000009c6  AESAKEY_L                              
000009c4  AESASTAT                               
000009c5  AESASTAT_H                             
000009c4  AESASTAT_L                             
000009cc  AESAXDIN                               
000009cd  AESAXDIN_H                             
000009cc  AESAXDIN_L                             
000009ce  AESAXIN                                
000009cf  AESAXIN_H                              
000009ce  AESAXIN_L                              
000004be  BCD2BIN                                
000004bf  BCD2BIN_H                              
000004be  BCD2BIN_L                              
000004bc  BIN2BCD                                
000004bd  BIN2BCD_H                              
000004bc  BIN2BCD_L                              
00018a0a  C$$EXIT                                
000185b2  C$$IO$$                                
0000043e  CAPTIO0CTL                             
0000043f  CAPTIO0CTL_H                           
0000043e  CAPTIO0CTL_L                           
0000047e  CAPTIO1CTL                             
0000047f  CAPTIO1CTL_H                           
0000047e  CAPTIO1CTL_L                           
000008c0  CECTL0                                 
000008c1  CECTL0_H                               
000008c0  CECTL0_L                               
000008c2  CECTL1                                 
000008c3  CECTL1_H                               
000008c2  CECTL1_L                               
000008c4  CECTL2                                 
000008c5  CECTL2_H                               
000008c4  CECTL2_L                               
000008c6  CECTL3                                 
000008c7  CECTL3_H                               
000008c6  CECTL3_L                               
000008cc  CEINT                                  
000008cd  CEINT_H                                
000008cc  CEINT_L                                
000008ce  CEIV                                   
000008cf  CEIV_H                                 
000008ce  CEIV_L                                 
00000996  CRC16DIRBW0                            
00000997  CRC16DIRBW0_H                          
00000996  CRC16DIRBW0_L                          
00000990  CRC16DIW0                              
00000991  CRC16DIW0_H                            
00000990  CRC16DIW0_L                            
00000998  CRC16INIRESW0                          
00000999  CRC16INIRESW0_H                        
00000998  CRC16INIRESW0_L                        
0000099e  CRC16RESRW0                            
0000099f  CRC16RESRW0_H                          
0000099e  CRC16RESRW0_L                          
00000986  CRC32DIRBW0                            
00000987  CRC32DIRBW0_H                          
00000986  CRC32DIRBW0_L                          
00000984  CRC32DIRBW1                            
00000985  CRC32DIRBW1_H                          
00000984  CRC32DIRBW1_L                          
00000980  CRC32DIW0                              
00000981  CRC32DIW0_H                            
00000980  CRC32DIW0_L                            
00000982  CRC32DIW1                              
00000983  CRC32DIW1_H                            
00000982  CRC32DIW1_L                            
00000988  CRC32INIRESW0                          
00000989  CRC32INIRESW0_H                        
00000988  CRC32INIRESW0_L                        
0000098a  CRC32INIRESW1                          
0000098b  CRC32INIRESW1_H                        
0000098a  CRC32INIRESW1_L                        
0000098e  CRC32RESRW0                            
0000098f  CRC32RESRW0_H                          
0000098e  CRC32RESRW0_L                          
0000098c  CRC32RESRW1                            
0000098d  CRC32RESRW1_H                          
0000098c  CRC32RESRW1_L                          
00000150  CRCDI                                  
00000152  CRCDIRB                                
00000153  CRCDIRB_H                              
00000152  CRCDIRB_L                              
00000151  CRCDI_H                                
00000150  CRCDI_L                                
00000154  CRCINIRES                              
00000155  CRCINIRES_H                            
00000154  CRCINIRES_L                            
00000156  CRCRESR                                
00000157  CRCRESR_H                              
00000156  CRCRESR_L                              
00000160  CSCTL0                                 
00000161  CSCTL0_H                               
00000160  CSCTL0_L                               
00000162  CSCTL1                                 
00000163  CSCTL1_H                               
00000162  CSCTL1_L                               
00000164  CSCTL2                                 
00000165  CSCTL2_H                               
00000164  CSCTL2_L                               
00000166  CSCTL3                                 
00000167  CSCTL3_H                               
00000166  CSCTL3_L                               
00000168  CSCTL4                                 
00000169  CSCTL4_H                               
00000168  CSCTL4_L                               
0000016a  CSCTL5                                 
0000016b  CSCTL5_H                               
0000016a  CSCTL5_L                               
0000016c  CSCTL6                                 
0000016d  CSCTL6_H                               
0000016c  CSCTL6_L                               
00000510  DMA0CTL                                
00000511  DMA0CTL_H                              
00000510  DMA0CTL_L                              
00000516  DMA0DA                                 
00000518  DMA0DAH                                
00000516  DMA0DAL                                
00000512  DMA0SA                                 
00000514  DMA0SAH                                
00000512  DMA0SAL                                
0000051a  DMA0SZ                                 
0000051b  DMA0SZ_H                               
0000051a  DMA0SZ_L                               
00000520  DMA1CTL                                
00000521  DMA1CTL_H                              
00000520  DMA1CTL_L                              
00000526  DMA1DA                                 
00000528  DMA1DAH                                
00000526  DMA1DAL                                
00000522  DMA1SA                                 
00000524  DMA1SAH                                
00000522  DMA1SAL                                
0000052a  DMA1SZ                                 
0000052b  DMA1SZ_H                               
0000052a  DMA1SZ_L                               
00000530  DMA2CTL                                
00000531  DMA2CTL_H                              
00000530  DMA2CTL_L                              
00000536  DMA2DA                                 
00000538  DMA2DAH                                
00000536  DMA2DAL                                
00000532  DMA2SA                                 
00000534  DMA2SAH                                
00000532  DMA2SAL                                
0000053a  DMA2SZ                                 
0000053b  DMA2SZ_H                               
0000053a  DMA2SZ_L                               
00000540  DMA3CTL                                
00000541  DMA3CTL_H                              
00000540  DMA3CTL_L                              
00000546  DMA3DA                                 
00000548  DMA3DAH                                
00000546  DMA3DAL                                
00000542  DMA3SA                                 
00000544  DMA3SAH                                
00000542  DMA3SAL                                
0000054a  DMA3SZ                                 
0000054b  DMA3SZ_H                               
0000054a  DMA3SZ_L                               
00000550  DMA4CTL                                
00000551  DMA4CTL_H                              
00000550  DMA4CTL_L                              
00000556  DMA4DA                                 
00000558  DMA4DAH                                
00000556  DMA4DAL                                
00000552  DMA4SA                                 
00000554  DMA4SAH                                
00000552  DMA4SAL                                
0000055a  DMA4SZ                                 
0000055b  DMA4SZ_H                               
0000055a  DMA4SZ_L                               
00000560  DMA5CTL                                
00000561  DMA5CTL_H                              
00000560  DMA5CTL_L                              
00000566  DMA5DA                                 
00000568  DMA5DAH                                
00000566  DMA5DAL                                
00000562  DMA5SA                                 
00000564  DMA5SAH                                
00000562  DMA5SAL                                
0000056a  DMA5SZ                                 
0000056b  DMA5SZ_H                               
0000056a  DMA5SZ_L                               
00000500  DMACTL0                                
00000501  DMACTL0_H                              
00000500  DMACTL0_L                              
00000502  DMACTL1                                
00000503  DMACTL1_H                              
00000502  DMACTL1_L                              
00000504  DMACTL2                                
00000505  DMACTL2_H                              
00000504  DMACTL2_L                              
00000508  DMACTL4                                
00000509  DMACTL4_H                              
00000508  DMACTL4_L                              
0000050e  DMAIV                                  
0000050f  DMAIV_H                                
0000050e  DMAIV_L                                
00000140  FRCTL0                                 
00000141  FRCTL0_H                               
00000140  FRCTL0_L                               
00000144  GCCTL0                                 
00000145  GCCTL0_H                               
00000144  GCCTL0_L                               
00000146  GCCTL1                                 
00000147  GCCTL1_H                               
00000146  GCCTL1_L                               
0001776e  GetCenterFrequency                     
00015f7a  GetCoefficient                         
000152f4  GetFilterParameter                     
00017e1c  GetMagnitudeFactor                     
000180ae  HOSTclose                              
000176d4  HOSTlseek                              
00017c00  HOSTopen                               
00017d4c  HOSTread                               
00017b18  HOSTrename                             
00018226  HOSTunlink                             
00017ce0  HOSTwrite                              
00000a80  LEACAP                                 
00000a82  LEACAPH                                
00000a80  LEACAPL                                
00000a98  LEACMA                                 
00000a9a  LEACMAH                                
00000a98  LEACMAL                                
00000a9c  LEACMCTL                               
00000a9e  LEACMCTLH                              
00000a9c  LEACMCTLL                              
00000aa8  LEACMDSTAT                             
00000aaa  LEACMDSTATH                            
00000aa8  LEACMDSTATL                            
00000a84  LEACNF0                                
00000a86  LEACNF0H                               
00000a84  LEACNF0L                               
00000a88  LEACNF1                                
00000a8a  LEACNF1H                               
00000a88  LEACNF1L                               
00000a8c  LEACNF2                                
00000a8e  LEACNF2H                               
00000a8c  LEACNF2L                               
00000ab4  LEADSTSTAT                             
00000ab6  LEADSTSTATH                            
00000ab4  LEADSTSTATL                            
0000c160  LEAF_OUTPUT_BIASES                     
0000b898  LEAF_OUTPUT_WEIGHTS                    
00000af4  LEAIE                                  
00000af6  LEAIEH                                 
00000af4  LEAIEL                                 
00000af8  LEAIFG                                 
00000afa  LEAIFGH                                
00000af8  LEAIFGL                                
00000af0  LEAIFGSET                              
00000af2  LEAIFGSETH                             
00000af0  LEAIFGSETL                             
00000afc  LEAIV                                  
00000afe  LEAIVH                                 
00000afc  LEAIVL                                 
00000a90  LEAMB                                  
00000a92  LEAMBH                                 
00000a90  LEAMBL                                 
00000a94  LEAMT                                  
00000a96  LEAMTH                                 
00000a94  LEAMTL                                 
00000ad0  LEAPMCB                                
00000ad2  LEAPMCBH                               
00000ad0  LEAPMCBL                               
00000ac0  LEAPMCTL                               
00000ac2  LEAPMCTLH                              
00000ac0  LEAPMCTLL                              
00000ac4  LEAPMDST                               
00000ac6  LEAPMDSTH                              
00000ac4  LEAPMDSTL                              
00000acc  LEAPMS0                                
00000ace  LEAPMS0H                               
00000acc  LEAPMS0L                               
00000ac8  LEAPMS1                                
00000aca  LEAPMS1H                               
00000ac8  LEAPMS1L                               
00000ab0  LEAS0STAT                              
00000ab2  LEAS0STATH                             
00000ab0  LEAS0STATL                             
00000aac  LEAS1STAT                              
00000aae  LEAS1STATH                             
00000aac  LEAS1STATL                             
000004c4  MAC                                    
000004da  MAC32H                                 
000004db  MAC32H_H                               
000004da  MAC32H_L                               
000004d8  MAC32L                                 
000004d9  MAC32L_H                               
000004d8  MAC32L_L                               
000004c6  MACS                                   
000004de  MACS32H                                
000004df  MACS32H_H                              
000004de  MACS32H_L                              
000004dc  MACS32L                                
000004dd  MACS32L_H                              
000004dc  MACS32L_L                              
000004c7  MACS_H                                 
000004c6  MACS_L                                 
000004c5  MAC_H                                  
000004c4  MAC_L                                  
000005a0  MPUCTL0                                
000005a1  MPUCTL0_H                              
000005a0  MPUCTL0_L                              
000005a2  MPUCTL1                                
000005a3  MPUCTL1_H                              
000005a2  MPUCTL1_L                              
000005aa  MPUIPC0                                
000005ab  MPUIPC0_H                              
000005aa  MPUIPC0_L                              
000005ae  MPUIPSEGB1                             
000005af  MPUIPSEGB1_H                           
000005ae  MPUIPSEGB1_L                           
000005ac  MPUIPSEGB2                             
000005ad  MPUIPSEGB2_H                           
000005ac  MPUIPSEGB2_L                           
000005a8  MPUSAM                                 
000005a9  MPUSAM_H                               
000005a8  MPUSAM_L                               
000005a6  MPUSEGB1                               
000005a7  MPUSEGB1_H                             
000005a6  MPUSEGB1_L                             
000005a4  MPUSEGB2                               
000005a5  MPUSEGB2_H                             
000005a4  MPUSEGB2_L                             
000004c0  MPY                                    
000004ec  MPY32CTL0                              
000004ed  MPY32CTL0_H                            
000004ec  MPY32CTL0_L                            
000004d2  MPY32H                                 
000004d3  MPY32H_H                               
000004d2  MPY32H_L                               
000004d0  MPY32L                                 
000004d1  MPY32L_H                               
000004d0  MPY32L_L                               
000004c2  MPYS                                   
000004d6  MPYS32H                                
000004d7  MPYS32H_H                              
000004d6  MPYS32H_L                              
000004d4  MPYS32L                                
000004d5  MPYS32L_H                              
000004d4  MPYS32L_L                              
000004c3  MPYS_H                                 
000004c2  MPYS_L                                 
000004c1  MPY_H                                  
000004c0  MPY_L                                  
0000c294  NODE_BIASES                            
00004400  NODE_WEIGHTS                           
000183ea  NormalizationFactor                    
000004c8  OP2                                    
000004e2  OP2H                                   
000004e3  OP2H_H                                 
000004e2  OP2H_L                                 
000004e0  OP2L                                   
000004e1  OP2L_H                                 
000004e0  OP2L_L                                 
000004c9  OP2_H                                  
000004c8  OP2_L                                  
00000204  P1DIR                                  
0000021a  P1IE                                   
00000218  P1IES                                  
0000021c  P1IFG                                  
00000200  P1IN                                   
0000020e  P1IV                                   
0000020f  P1IV_H                                 
0000020e  P1IV_L                                 
00000202  P1OUT                                  
00000206  P1REN                                  
0000020a  P1SEL0                                 
0000020c  P1SEL1                                 
00000216  P1SELC                                 
00000205  P2DIR                                  
0000021b  P2IE                                   
00000219  P2IES                                  
0000021d  P2IFG                                  
00000201  P2IN                                   
0000021e  P2IV                                   
0000021f  P2IV_H                                 
0000021e  P2IV_L                                 
00000203  P2OUT                                  
00000207  P2REN                                  
0000020b  P2SEL0                                 
0000020d  P2SEL1                                 
00000217  P2SELC                                 
00000224  P3DIR                                  
0000023a  P3IE                                   
00000238  P3IES                                  
0000023c  P3IFG                                  
00000220  P3IN                                   
0000022e  P3IV                                   
0000022f  P3IV_H                                 
0000022e  P3IV_L                                 
00000222  P3OUT                                  
00000226  P3REN                                  
0000022a  P3SEL0                                 
0000022c  P3SEL1                                 
00000236  P3SELC                                 
00000225  P4DIR                                  
0000023b  P4IE                                   
00000239  P4IES                                  
0000023d  P4IFG                                  
00000221  P4IN                                   
0000023e  P4IV                                   
0000023f  P4IV_H                                 
0000023e  P4IV_L                                 
00000223  P4OUT                                  
00000227  P4REN                                  
0000022b  P4SEL0                                 
0000022d  P4SEL1                                 
00000237  P4SELC                                 
00000244  P5DIR                                  
0000025a  P5IE                                   
00000258  P5IES                                  
0000025c  P5IFG                                  
00000240  P5IN                                   
0000024e  P5IV                                   
0000024f  P5IV_H                                 
0000024e  P5IV_L                                 
00000242  P5OUT                                  
00000246  P5REN                                  
0000024a  P5SEL0                                 
0000024c  P5SEL1                                 
00000256  P5SELC                                 
00000245  P6DIR                                  
0000025b  P6IE                                   
00000259  P6IES                                  
0000025d  P6IFG                                  
00000241  P6IN                                   
0000025e  P6IV                                   
0000025f  P6IV_H                                 
0000025e  P6IV_L                                 
00000243  P6OUT                                  
00000247  P6REN                                  
0000024b  P6SEL0                                 
0000024d  P6SEL1                                 
00000257  P6SELC                                 
00000264  P7DIR                                  
0000027a  P7IE                                   
00000278  P7IES                                  
0000027c  P7IFG                                  
00000260  P7IN                                   
0000026e  P7IV                                   
0000026f  P7IV_H                                 
0000026e  P7IV_L                                 
00000262  P7OUT                                  
00000266  P7REN                                  
0000026a  P7SEL0                                 
0000026c  P7SEL1                                 
00000276  P7SELC                                 
00000265  P8DIR                                  
0000027b  P8IE                                   
00000279  P8IES                                  
0000027d  P8IFG                                  
00000261  P8IN                                   
0000027e  P8IV                                   
0000027f  P8IV_H                                 
0000027e  P8IV_L                                 
00000263  P8OUT                                  
00000267  P8REN                                  
0000026b  P8SEL0                                 
0000026d  P8SEL1                                 
00000277  P8SELC                                 
00000284  P9DIR                                  
0000029a  P9IE                                   
00000298  P9IES                                  
0000029c  P9IFG                                  
00000280  P9IN                                   
0000028e  P9IV                                   
0000028f  P9IV_H                                 
0000028e  P9IV_L                                 
00000282  P9OUT                                  
00000286  P9REN                                  
0000028a  P9SEL0                                 
0000028c  P9SEL1                                 
00000296  P9SELC                                 
00000204  PADIR                                  
00000205  PADIR_H                                
00000204  PADIR_L                                
0000021a  PAIE                                   
00000218  PAIES                                  
00000219  PAIES_H                                
00000218  PAIES_L                                
0000021b  PAIE_H                                 
0000021a  PAIE_L                                 
0000021c  PAIFG                                  
0000021d  PAIFG_H                                
0000021c  PAIFG_L                                
00000200  PAIN                                   
00000201  PAIN_H                                 
00000200  PAIN_L                                 
00000202  PAOUT                                  
00000203  PAOUT_H                                
00000202  PAOUT_L                                
00000206  PAREN                                  
00000207  PAREN_H                                
00000206  PAREN_L                                
0000020a  PASEL0                                 
0000020b  PASEL0_H                               
0000020a  PASEL0_L                               
0000020c  PASEL1                                 
0000020d  PASEL1_H                               
0000020c  PASEL1_L                               
00000216  PASELC                                 
00000217  PASELC_H                               
00000216  PASELC_L                               
00000224  PBDIR                                  
00000225  PBDIR_H                                
00000224  PBDIR_L                                
0000023a  PBIE                                   
00000238  PBIES                                  
00000239  PBIES_H                                
00000238  PBIES_L                                
0000023b  PBIE_H                                 
0000023a  PBIE_L                                 
0000023c  PBIFG                                  
0000023d  PBIFG_H                                
0000023c  PBIFG_L                                
00000220  PBIN                                   
00000221  PBIN_H                                 
00000220  PBIN_L                                 
00000222  PBOUT                                  
00000223  PBOUT_H                                
00000222  PBOUT_L                                
00000226  PBREN                                  
00000227  PBREN_H                                
00000226  PBREN_L                                
0000022a  PBSEL0                                 
0000022b  PBSEL0_H                               
0000022a  PBSEL0_L                               
0000022c  PBSEL1                                 
0000022d  PBSEL1_H                               
0000022c  PBSEL1_L                               
00000236  PBSELC                                 
00000237  PBSELC_H                               
00000236  PBSELC_L                               
00000244  PCDIR                                  
00000245  PCDIR_H                                
00000244  PCDIR_L                                
0000025a  PCIE                                   
00000258  PCIES                                  
00000259  PCIES_H                                
00000258  PCIES_L                                
0000025b  PCIE_H                                 
0000025a  PCIE_L                                 
0000025c  PCIFG                                  
0000025d  PCIFG_H                                
0000025c  PCIFG_L                                
00000240  PCIN                                   
00000241  PCIN_H                                 
00000240  PCIN_L                                 
00000242  PCOUT                                  
00000243  PCOUT_H                                
00000242  PCOUT_L                                
00000246  PCREN                                  
00000247  PCREN_H                                
00000246  PCREN_L                                
0000024a  PCSEL0                                 
0000024b  PCSEL0_H                               
[...]
000008c5  CECTL2_H                               
000008c6  CECTL3                                 
000008c6  CECTL3_L                               
000008c7  CECTL3_H                               
000008cc  CEINT                                  
000008cc  CEINT_L                                
000008cd  CEINT_H                                
000008ce  CEIV                                   
000008ce  CEIV_L                                 
000008cf  CEIV_H                                 
00000980  CRC32DIW0                              
00000980  CRC32DIW0_L                            
00000981  CRC32DIW0_H                            
00000982  CRC32DIW1                              
00000982  CRC32DIW1_L                            
00000983  CRC32DIW1_H                            
00000984  CRC32DIRBW1                            
00000984  CRC32DIRBW1_L                          
00000985  CRC32DIRBW1_H                          
00000986  CRC32DIRBW0                            
00000986  CRC32DIRBW0_L                          
00000987  CRC32DIRBW0_H                          
00000988  CRC32INIRESW0                          
00000988  CRC32INIRESW0_L                        
00000989  CRC32INIRESW0_H                        
0000098a  CRC32INIRESW1                          
0000098a  CRC32INIRESW1_L                        
0000098b  CRC32INIRESW1_H                        
0000098c  CRC32RESRW1                            
0000098c  CRC32RESRW1_L                          
0000098d  CRC32RESRW1_H                          
0000098e  CRC32RESRW0                            
0000098e  CRC32RESRW0_L                          
0000098f  CRC32RESRW0_H                          
00000990  CRC16DIW0                              
00000990  CRC16DIW0_L                            
00000991  CRC16DIW0_H                            
00000996  CRC16DIRBW0                            
00000996  CRC16DIRBW0_L                          
00000997  CRC16DIRBW0_H                          
00000998  CRC16INIRESW0                          
00000998  CRC16INIRESW0_L                        
00000999  CRC16INIRESW0_H                        
0000099e  CRC16RESRW0                            
0000099e  CRC16RESRW0_L                          
0000099f  CRC16RESRW0_H                          
000009c0  AESACTL0                               
000009c0  AESACTL0_L                             
000009c1  AESACTL0_H                             
000009c2  AESACTL1                               
000009c2  AESACTL1_L                             
000009c3  AESACTL1_H                             
000009c4  AESASTAT                               
000009c4  AESASTAT_L                             
000009c5  AESASTAT_H                             
000009c6  AESAKEY                                
000009c6  AESAKEY_L                              
000009c7  AESAKEY_H                              
000009c8  AESADIN                                
000009c8  AESADIN_L                              
000009c9  AESADIN_H                              
000009ca  AESADOUT                               
000009ca  AESADOUT_L                             
000009cb  AESADOUT_H                             
000009cc  AESAXDIN                               
000009cc  AESAXDIN_L                             
000009cd  AESAXDIN_H                             
000009ce  AESAXIN                                
000009ce  AESAXIN_L                              
000009cf  AESAXIN_H                              
00000a80  LEACAP                                 
00000a80  LEACAPL                                
00000a82  LEACAPH                                
00000a84  LEACNF0                                
00000a84  LEACNF0L                               
00000a86  LEACNF0H                               
00000a88  LEACNF1                                
00000a88  LEACNF1L                               
00000a8a  LEACNF1H                               
00000a8c  LEACNF2                                
00000a8c  LEACNF2L                               
00000a8e  LEACNF2H                               
00000a90  LEAMB                                  
00000a90  LEAMBL                                 
00000a92  LEAMBH                                 
00000a94  LEAMT                                  
00000a94  LEAMTL                                 
00000a96  LEAMTH                                 
00000a98  LEACMA                                 
00000a98  LEACMAL                                
00000a9a  LEACMAH                                
00000a9c  LEACMCTL                               
00000a9c  LEACMCTLL                              
00000a9e  LEACMCTLH                              
00000aa8  LEACMDSTAT                             
00000aa8  LEACMDSTATL                            
00000aaa  LEACMDSTATH                            
00000aac  LEAS1STAT                              
00000aac  LEAS1STATL                             
00000aae  LEAS1STATH                             
00000ab0  LEAS0STAT                              
00000ab0  LEAS0STATL                             
00000ab2  LEAS0STATH                             
00000ab4  LEADSTSTAT                             
00000ab4  LEADSTSTATL                            
00000ab6  LEADSTSTATH                            
00000ac0  LEAPMCTL                               
00000ac0  LEAPMCTLL                              
00000ac2  LEAPMCTLH                              
00000ac4  LEAPMDST                               
00000ac4  LEAPMDSTL                              
00000ac6  LEAPMDSTH                              
00000ac8  LEAPMS1                                
00000ac8  LEAPMS1L                               
00000aca  LEAPMS1H                               
00000acc  LEAPMS0                                
00000acc  LEAPMS0L                               
00000ace  LEAPMS0H                               
00000ad0  LEAPMCB                                
00000ad0  LEAPMCBL                               
00000ad2  LEAPMCBH                               
00000af0  LEAIFGSET                              
00000af0  LEAIFGSETL                             
00000af2  LEAIFGSETH                             
00000af4  LEAIE                                  
00000af4  LEAIEL                                 
00000af6  LEAIEH                                 
00000af8  LEAIFG                                 
00000af8  LEAIFGL                                
00000afa  LEAIFGH                                
00000afc  LEAIV                                  
00000afc  LEAIVL                                 
00000afe  LEAIVH                                 
00002b60  _stack                                 
00002c00  __STACK_END                            
00004000  _CIOBUF_                               
00004000  fram_rw_start                          
00004120  _sys_memory                            
00004400  NODE_WEIGHTS                           
00004400  fram_ipe_end                           
00004400  fram_ipe_start                         
00004400  fram_rx_start                          
0000b898  LEAF_OUTPUT_WEIGHTS                    
0000c098  _ftable                                
0000c160  LEAF_OUTPUT_BIASES                     
0000c1e0  _device                                
0000c258  _stream                                
0000c294  NODE_BIASES                            
0000c2b0  __TI_cleanup_ptr                       
0000c2b4  __TI_dtors_ptr                         
0000c2b8  _lock                                  
0000c2bc  _unlock                                
0000c2c0  counter_vad                            
0000c2c2  counter_result                         
0000c2c4  __TI_ft_end                            
0000c2c6  errno                                  
0000c2c8  __TI_enable_exit_profile_output        
0000c2cc  ADC12_ISR                              
0000c500  _c_int00_noargs                        
0000c51c  Timer_A                                
0000c524  __TI_ISR_TRAP                          
0000c52c  __TI_tmpnams                           
0000c5cc  mfcc_result                            
0000c634  frame_vad                              
0000c684  freq_frame                             
0000c6d4  spectrum                               
0000c6fc  parmbuf                                
0000c708  averageVX                              
0000c70a  coeff                                  
0000c70c  result                                 
0000c70e  vx                                     
0000ffb4  __TI_int18                             
0000ffb6  __TI_int19                             
0000ffb8  __TI_int20                             
0000ffba  __TI_int21                             
0000ffbc  __TI_int22                             
0000ffbe  __TI_int23                             
0000ffc0  __TI_int24                             
0000ffc2  __TI_int25                             
0000ffc4  __TI_int26                             
0000ffc6  __TI_int27                             
0000ffc8  __TI_int28                             
0000ffca  __TI_int29                             
0000ffcc  __TI_int30                             
0000ffce  __TI_int31                             
0000ffd0  __TI_int32                             
0000ffd2  __TI_int33                             
0000ffd4  __TI_int34                             
0000ffd6  __TI_int35                             
0000ffd8  __TI_int36                             
0000ffda  __TI_int37                             
0000ffdc  __TI_int38                             
0000ffde  __TI_int39                             
0000ffe0  __TI_int40                             
0000ffe2  __TI_int41                             
0000ffe4  __TI_int42                             
0000ffe6  __TI_int43                             
0000ffe8  __TI_int44                             
0000ffea  __TI_int45                             
0000ffec  __TI_int46                             
0000ffee  __TI_int47                             
0000fff0  __TI_int48                             
0000fff2  __TI_int49                             
0000fff4  __TI_int50                             
0000fff6  __TI_int51                             
0000fff8  __TI_int52                             
0000fffa  __TI_int53                             
0000fffc  __TI_int54                             
0000fffe  _reset_vector                          
00010000  pow                                    
00010000  powl                                   
0001114c  __kernel_rem_pio2                      
00011f04  sin                                    
00011f04  sinl                                   
000127dc  cos                                    
000127dc  cosl                                   
000130ae  __mspabi_addd                          
000137d8  log                                    
000137d8  logl                                   
00013e00  fft_radix2                             
000143aa  exp                                    
000143aa  expl                                   
000148d2  __TI_frcdivd                           
00014d3a  cexp                                   
00014d3a  cexpl                                  
00015018  sqrt                                   
00015018  sqrtl                                  
000152f4  GetFilterParameter                     
000155c0  __kernel_sin                           
00015868  __mspabi_mpyd                          
00015afa  __kernel_cos                           
00015d5e  __mspabi_divd                          
00015f7a  GetCoefficient                         
00016160  floor                                  
00016160  floorl                                 
00016324  aligned_alloc                          
00016324  memalign                               
000164da  __ldexp_cexp                           
000167ea  __TI_frcmpyd                           
0001694e  fputs                                  
00016aa8  ldexp                                  
00016aa8  ldexpl                                 
00016aa8  scalbn                                 
00016aa8  scalbnl                                
00016c02  free                                   
00016d4e  leaf                                   
00016e82  __mspabi_subf                          
00016e88  __mspabi_addf                          
00016fb4  setvbuf                                
000170ae  __TI_printfi_minimal                   
0001726c  __mspabi_cmpd                          
00017344  neuron                                 
000174cc  __mspabi_mpyf                          
00017584  tree_inference                         
00017636  __mspabi_fltlid                        
000176d4  HOSTlseek                              
0001776e  GetCenterFrequency                     
00017804  fputc                                  
00017804  putc                                   
00017894  __mspabi_divf                          
00017924  __TI_wrt_ok                            
000179aa  __mspabi_fltuld                        
00017a2a  __TI_auto_init_nobinit_nopinit_hold_wdt
00017aa2  __TI_decompress_lzss                   
00017b18  HOSTrename                             
00017b8c  __TI_closefile                         
00017c00  HOSTopen                               
00017c70  fseek                                  
00017c70  fseeko                                 
00017ce0  HOSTwrite                              
00017d4c  HOSTread                               
00017db6  __mspabi_fixdli                        
00017e1c  GetMagnitudeFactor                     
00017e80  __mspabi_cvtfd                         
00017ee4  getdevice                              
00017f46  __TI_doflush                           
00017fa6  __mspabi_mpyll_f5hw                    
00018002  close                                  
000180ae  HOSTclose                              
000180fc  strncpy                                
0001814a  exit                                   
00018194  printf                                 
00018226  HOSTunlink                             
000182b2  __mspabi_srall                         
000182f2  __mspabi_sral_15                       
000182f6  __mspabi_sral_14                       
000182fa  __mspabi_sral_13                       
000182fe  __mspabi_sral_12                       
00018302  __mspabi_sral_11                       
00018306  __mspabi_sral_10                       
0001830a  __mspabi_sral_9                        
0001830e  __mspabi_sral_8                        
00018312  __mspabi_sral_7                        
00018316  __mspabi_sral_6                        
0001831a  __mspabi_sral_5                        
0001831e  __mspabi_sral_4                        
00018322  __mspabi_sral_3                        
00018326  __mspabi_sral_2                        
0001832a  __mspabi_sral_1                        
00018330  __mspabi_slll_15                       
00018334  __mspabi_slll_14                       
00018338  __mspabi_slll_13                       
0001833c  __mspabi_slll_12                       
00018340  __mspabi_slll_11                       
00018344  __mspabi_slll_10                       
00018348  __mspabi_slll_9                        
0001834c  __mspabi_slll_8                        
00018350  __mspabi_slll_7                        
00018354  __mspabi_slll_6                        
00018358  __mspabi_slll_5                        
0001835c  __mspabi_slll_4                        
00018360  __mspabi_slll_3                        
00018364  __mspabi_slll_2                        
00018368  __mspabi_slll_1                        
0001836e  __mspabi_srll_15                       
00018372  __mspabi_srll_14                       
00018376  __mspabi_srll_13                       
0001837a  __mspabi_srll_12                       
0001837e  __mspabi_srll_11                       
00018382  __mspabi_srll_10                       
00018386  __mspabi_srll_9                        
0001838a  __mspabi_srll_8                        
0001838e  __mspabi_srll_7                        
00018392  __mspabi_srll_6                        
00018396  __mspabi_srll_5                        
0001839a  __mspabi_srll_4                        
0001839e  __mspabi_srll_3                        
000183a2  __mspabi_srll_2                        
000183a6  __mspabi_srll_1                        
000183ac  lseek                                  
000183ea  NormalizationFactor                    
00018426  memcpy                                 
00018462  write                                  
0001849e  __mspabi_sllll                         
000184d8  __mspabi_srlll                         
00018512  configureADC                           
0001854a  __TI_cleanup                           
00018580  __TI_writemsg                          
000185b2  C$$IO$$                                
000185b6  finddevice                             
000185ec  __mspabi_fltif                         
00018622  memccpy                                
00018656  __TI_readmsg                           
00018688  __mspabi_subd                          
000186ba  main                                   
000186ea  remove                                 
000186ea  unlink                                 
0001871a  __mspabi_negd                          
00018748  copysign                               
00018748  copysignl                              
00018776  __mspabi_mpyull_f5hw                   
000187a2  __mspabi_divi                          
000187a2  __mspabi_remi                          
000187f8  __mspabi_fixdi                         
00018820  __TI_zero_init_nomemset                
00018844  __mspabi_fltuf                         
00018868  __mspabi_mpyl_f5hw                     
0001888c  memchr                                 
000188ac  memset                                 
000188cc  strchr                                 
000188e8  strcmp                                 
00018904  configureTimer                         
0001891e  __mspabi_mpyi_f5hw                     
00018936  __TI_decompress_none                   
00018962  __mspabi_divu                          
00018962  __mspabi_remu                          
00018978  strcpy                                 
0001898a  strlen                                 
0001899c  __mspabi_sral                          
000189ac  __mspabi_slll                          
000189bc  __mspabi_srll                          
000189cc  __mspabi_fltid                         
000189d8  malloc                                 
000189e4  __mspabi_slli                          
000189ee  fft                                    
000189f6  powof2                                 
000189fe  __mspabi_fltud                         
00018a0a  C$$EXIT                                
00018a0a  abort                                  
00018a14  _system_pre_init                       
00018a18  _nop                                   
00018a1a  _system_post_cinit                     
0001d512  __TI_Handler_Table_Base                
0001d51e  __TI_Handler_Table_Limit               
0001d524  __TI_CINIT_Base                        
0001d534  __TI_CINIT_Limit                       
0001d534  __TI_CINIT_Warm                        
ffffffff  __TI_pprof_out_hndl                    
ffffffff  __TI_prof_data_size                    
ffffffff  __TI_prof_data_start                   
ffffffff  __c_args__                             

[1802 symbols]
